Component: ARM Compiler 5.06 update 7 (build 960) Tool: armlink [4d3601]

==============================================================================

Section Cross References

    startup_stm32f407xx.o(RESET) refers to startup_stm32f407xx.o(STACK) for __initial_sp
    startup_stm32f407xx.o(RESET) refers to startup_stm32f407xx.o(.text) for Reset_Handler
    startup_stm32f407xx.o(RESET) refers to stm32f4xx_it.o(i.NMI_Handler) for NMI_Handler
    startup_stm32f407xx.o(RESET) refers to stm32f4xx_it.o(i.HardFault_Handler) for HardFault_Handler
    startup_stm32f407xx.o(RESET) refers to stm32f4xx_it.o(i.MemManage_Handler) for MemManage_Handler
    startup_stm32f407xx.o(RESET) refers to stm32f4xx_it.o(i.BusFault_Handler) for BusFault_Handler
    startup_stm32f407xx.o(RESET) refers to stm32f4xx_it.o(i.UsageFault_Handler) for UsageFault_Handler
    startup_stm32f407xx.o(RESET) refers to port.o(.emb_text) for SVC_Handler
    startup_stm32f407xx.o(RESET) refers to stm32f4xx_it.o(i.DebugMon_Handler) for DebugMon_Handler
    startup_stm32f407xx.o(RESET) refers to cmsis_os2.o(i.SysTick_Handler) for SysTick_Handler
    startup_stm32f407xx.o(RESET) refers to stm32f4xx_it.o(i.TIM1_UP_TIM10_IRQHandler) for TIM1_UP_TIM10_IRQHandler
    startup_stm32f407xx.o(RESET) refers to stm32f4xx_it.o(i.USART3_IRQHandler) for USART3_IRQHandler
    startup_stm32f407xx.o(.text) refers to system_stm32f4xx.o(i.SystemInit) for SystemInit
    startup_stm32f407xx.o(.text) refers to entry.o(.ARM.Collect$$$$00000000) for __main
    main.o(i.HAL_TIM_PeriodElapsedCallback) refers to stm32f4xx_hal.o(i.HAL_IncTick) for HAL_IncTick
    main.o(i.HAL_UART_RxCpltCallback) refers to lora_rx.o(i.LoRa_Rx_Handler) for LoRa_Rx_Handler
    main.o(i.HAL_UART_RxCpltCallback) refers to stm32f4xx_hal_uart.o(i.HAL_UART_Receive_IT) for HAL_UART_Receive_IT
    main.o(i.HAL_UART_RxCpltCallback) refers to lora_rx.o(.data) for rx_byte_u3
    main.o(i.HAL_UART_RxCpltCallback) refers to usart.o(.bss) for huart3
    main.o(i.SystemClock_Config) refers to memseta.o(.text) for __aeabi_memclr4
    main.o(i.SystemClock_Config) refers to stm32f4xx_hal_rcc.o(i.HAL_RCC_OscConfig) for HAL_RCC_OscConfig
    main.o(i.SystemClock_Config) refers to stm32f4xx_hal_rcc.o(i.HAL_RCC_ClockConfig) for HAL_RCC_ClockConfig
    main.o(i.fputc) refers to stm32f4xx_hal_uart.o(i.HAL_UART_Transmit) for HAL_UART_Transmit
    main.o(i.fputc) refers to usart.o(.bss) for huart1
    main.o(i.main) refers to stm32f4xx_hal.o(i.HAL_Init) for HAL_Init
    main.o(i.main) refers to main.o(i.SystemClock_Config) for SystemClock_Config
    main.o(i.main) refers to gpio.o(i.MX_GPIO_Init) for MX_GPIO_Init
    main.o(i.main) refers to usart.o(i.MX_USART1_UART_Init) for MX_USART1_UART_Init
    main.o(i.main) refers to usart.o(i.MX_USART3_UART_Init) for MX_USART3_UART_Init
    main.o(i.main) refers to fsmc.o(i.MX_FSMC_Init) for MX_FSMC_Init
    main.o(i.main) refers to printfa.o(i.__0printf) for __2printf
    main.o(i.main) refers to stm32f4xx_hal_uart.o(i.HAL_UART_Receive_IT) for HAL_UART_Receive_IT
    main.o(i.main) refers to bsp_nt35510_lcd.o(i.NT35510_Init) for NT35510_Init
    main.o(i.main) refers to stm32f4xx_hal_gpio.o(i.HAL_GPIO_WritePin) for HAL_GPIO_WritePin
    main.o(i.main) refers to bsp_nt35510_lcd.o(i.NT35510_GramScan) for NT35510_GramScan
    main.o(i.main) refers to bsp_nt35510_lcd.o(i.LCD_SetColors) for LCD_SetColors
    main.o(i.main) refers to bsp_nt35510_lcd.o(i.NT35510_Clear) for NT35510_Clear
    main.o(i.main) refers to bsp_nt35510_lcd.o(i.LCD_SetFont) for LCD_SetFont
    main.o(i.main) refers to bsp_nt35510_lcd.o(i.LCD_GetFont) for LCD_GetFont
    main.o(i.main) refers to bsp_nt35510_lcd.o(i.NT35510_DispStringLine_EN) for NT35510_DispStringLine_EN
    main.o(i.main) refers to cmsis_os2.o(i.osKernelInitialize) for osKernelInitialize
    main.o(i.main) refers to freertos.o(i.MX_FREERTOS_Init) for MX_FREERTOS_Init
    main.o(i.main) refers to cmsis_os2.o(i.osKernelStart) for osKernelStart
    main.o(i.main) refers to lora_rx.o(.data) for rx_byte_u3
    main.o(i.main) refers to usart.o(.bss) for huart3
    main.o(i.main) refers to fonts.o(.data) for Font16x32
    gpio.o(i.MX_GPIO_Init) refers to memseta.o(.text) for __aeabi_memclr4
    gpio.o(i.MX_GPIO_Init) refers to stm32f4xx_hal_gpio.o(i.HAL_GPIO_WritePin) for HAL_GPIO_WritePin
    gpio.o(i.MX_GPIO_Init) refers to stm32f4xx_hal_gpio.o(i.HAL_GPIO_Init) for HAL_GPIO_Init
    freertos.o(i.MX_FREERTOS_Init) refers to cmsis_os2.o(i.osMessageQueueNew) for osMessageQueueNew
    freertos.o(i.MX_FREERTOS_Init) refers to cmsis_os2.o(i.osThreadNew) for osThreadNew
    freertos.o(i.MX_FREERTOS_Init) refers to freertos.o(.data) for .data
    freertos.o(i.MX_FREERTOS_Init) refers to freertos.o(.constdata) for .constdata
    freertos.o(i.MX_FREERTOS_Init) refers to freertos.o(i.StartDefaultTask) for StartDefaultTask
    freertos.o(i.MX_FREERTOS_Init) refers to freertos.o(i.StartTask02) for StartTask02
[...]
    i.NT35510_Delay                          0x08001d60   Section        0  bsp_nt35510_lcd.o(i.NT35510_Delay)
    NT35510_Delay                            0x08001d61   Thumb Code    16  bsp_nt35510_lcd.o(i.NT35510_Delay)
    i.NT35510_DispChar_EN                    0x08001d70   Section        0  bsp_nt35510_lcd.o(i.NT35510_DispChar_EN)
    i.NT35510_DispStringLine_EN              0x08001ddc   Section        0  bsp_nt35510_lcd.o(i.NT35510_DispStringLine_EN)
    i.NT35510_FSMC_Config                    0x08001e28   Section        0  bsp_nt35510_lcd.o(i.NT35510_FSMC_Config)
    NT35510_FSMC_Config                      0x08001e29   Thumb Code   102  bsp_nt35510_lcd.o(i.NT35510_FSMC_Config)
    i.NT35510_FillColor                      0x08001e9c   Section        0  bsp_nt35510_lcd.o(i.NT35510_FillColor)
    NT35510_FillColor                        0x08001e9d   Thumb Code    26  bsp_nt35510_lcd.o(i.NT35510_FillColor)
    i.NT35510_GPIO_Config                    0x08001eb8   Section        0  bsp_nt35510_lcd.o(i.NT35510_GPIO_Config)
    NT35510_GPIO_Config                      0x08001eb9   Thumb Code   184  bsp_nt35510_lcd.o(i.NT35510_GPIO_Config)
    i.NT35510_GramScan                       0x08001f84   Section        0  bsp_nt35510_lcd.o(i.NT35510_GramScan)
    i.NT35510_Init                           0x0800201c   Section        0  bsp_nt35510_lcd.o(i.NT35510_Init)
    i.NT35510_OpenWindow                     0x08002050   Section        0  bsp_nt35510_lcd.o(i.NT35510_OpenWindow)
    i.NT35510_REG_Config                     0x080020ae   Section        0  bsp_nt35510_lcd.o(i.NT35510_REG_Config)
    NT35510_REG_Config                       0x080020af   Thumb Code  3958  bsp_nt35510_lcd.o(i.NT35510_REG_Config)
    i.NT35510_Rst                            0x08003024   Section        0  bsp_nt35510_lcd.o(i.NT35510_Rst)
    i.StartDefaultTask                       0x08003058   Section        0  freertos.o(i.StartDefaultTask)
    i.StartTask02                            0x08003060   Section        0  freertos.o(i.StartTask02)
    i.StartTask03                            0x0800309c   Section        0  freertos.o(i.StartTask03)
    i.SysTick_Handler                        0x0800334c   Section        0  cmsis_os2.o(i.SysTick_Handler)
    i.SystemClock_Config                     0x08003368   Section        0  main.o(i.SystemClock_Config)
    i.SystemInit                             0x08003400   Section        0  system_stm32f4xx.o(i.SystemInit)
    i.TIM1_UP_TIM10_IRQHandler               0x08003410   Section        0  stm32f4xx_it.o(i.TIM1_UP_TIM10_IRQHandler)
    i.TIM_Base_SetConfig                     0x0800341c   Section        0  stm32f4xx_hal_tim.o(i.TIM_Base_SetConfig)
    i.UART_DMAAbortOnError                   0x080034ec   Section        0  stm32f4xx_hal_uart.o(i.UART_DMAAbortOnError)
    UART_DMAAbortOnError                     0x080034ed   Thumb Code    14  stm32f4xx_hal_uart.o(i.UART_DMAAbortOnError)
    i.UART_EndRxTransfer                     0x080034fa   Section        0  stm32f4xx_hal_uart.o(i.UART_EndRxTransfer)
    UART_EndRxTransfer                       0x080034fb   Thumb Code    78  stm32f4xx_hal_uart.o(i.UART_EndRxTransfer)
    i.UART_Receive_IT                        0x08003548   Section        0  stm32f4xx_hal_uart.o(i.UART_Receive_IT)
    UART_Receive_IT                          0x08003549   Thumb Code   194  stm32f4xx_hal_uart.o(i.UART_Receive_IT)
    i.UART_SetConfig                         0x0800360c   Section        0  stm32f4xx_hal_uart.o(i.UART_SetConfig)
    UART_SetConfig                           0x0800360d   Thumb Code   258  stm32f4xx_hal_uart.o(i.UART_SetConfig)
    i.UART_Start_Receive_IT                  0x08003718   Section        0  stm32f4xx_hal_uart.o(i.UART_Start_Receive_IT)
    i.UART_WaitOnFlagUntilTimeout            0x0800374e   Section        0  stm32f4xx_hal_uart.o(i.UART_WaitOnFlagUntilTimeout)
    UART_WaitOnFlagUntilTimeout              0x0800374f   Thumb Code   114  stm32f4xx_hal_uart.o(i.UART_WaitOnFlagUntilTimeout)
    i.USART3_IRQHandler                      0x080037c0   Section        0  stm32f4xx_it.o(i.USART3_IRQHandler)
    i.UsageFault_Handler                     0x080037cc   Section        0  stm32f4xx_it.o(i.UsageFault_Handler)
    i.__0printf                              0x080037d0   Section        0  printfa.o(i.__0printf)
    i.__0sprintf                             0x080037f0   Section        0  printfa.o(i.__0sprintf)
    i.__NVIC_SetPriority                     0x08003818   Section        0  stm32f4xx_hal_cortex.o(i.__NVIC_SetPriority)
    __NVIC_SetPriority                       0x08003819   Thumb Code    32  stm32f4xx_hal_cortex.o(i.__NVIC_SetPriority)
    i.__scatterload_copy                     0x08003838   Section       14  handlers.o(i.__scatterload_copy)
    i.__scatterload_null                     0x08003846   Section        2  handlers.o(i.__scatterload_null)
    i.__scatterload_zeroinit                 0x08003848   Section       14  handlers.o(i.__scatterload_zeroinit)
    i._fp_digits                             0x08003858   Section        0  printfa.o(i._fp_digits)
    _fp_digits                               0x08003859   Thumb Code   366  printfa.o(i._fp_digits)
    i._printf_core                           0x080039dc   Section        0  printfa.o(i._printf_core)
    _printf_core                             0x080039dd   Thumb Code  1704  printfa.o(i._printf_core)
    i._printf_post_padding                   0x08004090   Section        0  printfa.o(i._printf_post_padding)
    _printf_post_padding                     0x08004091   Thumb Code    36  printfa.o(i._printf_post_padding)
    i._printf_pre_padding                    0x080040b4   Section        0  printfa.o(i._printf_pre_padding)
    _printf_pre_padding                      0x080040b5   Thumb Code    46  printfa.o(i._printf_pre_padding)
    i._sputc                                 0x080040e2   Section        0  printfa.o(i._sputc)
    _sputc                                   0x080040e3   Thumb Code    10  printfa.o(i._sputc)
    i.fputc                                  0x080040ec   Section        0  main.o(i.fputc)
    i.main                                   0x08004104   Section        0  main.o(i.main)
    i.osDelay                                0x08004220   Section        0  cmsis_os2.o(i.osDelay)
    i.osKernelInitialize                     0x0800423c   Section        0  cmsis_os2.o(i.osKernelInitialize)
    i.osKernelStart                          0x08004260   Section        0  cmsis_os2.o(i.osKernelStart)
    i.osMessageQueueGet                      0x08004298   Section        0  cmsis_os2.o(i.osMessageQueueGet)
    i.osMessageQueueNew                      0x080042fc   Section        0  cmsis_os2.o(i.osMessageQueueNew)
    i.osMessageQueuePut                      0x08004354   Section        0  cmsis_os2.o(i.osMessageQueuePut)
    i.osThreadNew                            0x080043bc   Section        0  cmsis_os2.o(i.osThreadNew)
    i.prvAddCurrentTaskToDelayedList         0x08004448   Section        0  tasks.o(i.prvAddCurrentTaskToDelayedList)
    prvAddCurrentTaskToDelayedList           0x08004449   Thumb Code    84  tasks.o(i.prvAddCurrentTaskToDelayedList)
    i.prvAddNewTaskToReadyList               0x080044a4   Section        0  tasks.o(i.prvAddNewTaskToReadyList)
    prvAddNewTaskToReadyList                 0x080044a5   Thumb Code   190  tasks.o(i.prvAddNewTaskToReadyList)
    i.prvCheckForValidListAndQueue           0x08004574   Section        0  timers.o(i.prvCheckForValidListAndQueue)
    prvCheckForValidListAndQueue             0x08004575   Thumb Code    72  timers.o(i.prvCheckForValidListAndQueue)
    i.prvCopyDataFromQueue                   0x080045cc   Section        0  queue.o(i.prvCopyDataFromQueue)
    prvCopyDataFromQueue                     0x080045cd   Thumb Code    38  queue.o(i.prvCopyDataFromQueue)
    i.prvCopyDataToQueue                     0x080045f2   Section        0  queue.o(i.prvCopyDataToQueue)
    prvCopyDataToQueue                       0x080045f3   Thumb Code   108  queue.o(i.prvCopyDataToQueue)
    i.prvDeleteTCB                           0x0800465e   Section        0  tasks.o(i.prvDeleteTCB)
    prvDeleteTCB                             0x0800465f   Thumb Code    52  tasks.o(i.prvDeleteTCB)
    i.prvHeapInit                            0x08004694   Section        0  heap_4.o(i.prvHeapInit)
    prvHeapInit                              0x08004695   Thumb Code    66  heap_4.o(i.prvHeapInit)
    i.prvIdleTask                            0x080046e0   Section        0  tasks.o(i.prvIdleTask)
    prvIdleTask                              0x080046e1   Thumb Code    82  tasks.o(i.prvIdleTask)
    i.prvInitialiseNewQueue                  0x08004740   Section        0  queue.o(i.prvInitialiseNewQueue)
    prvInitialiseNewQueue                    0x08004741   Thumb Code    34  queue.o(i.prvInitialiseNewQueue)
    i.prvInitialiseNewTask                   0x08004764   Section        0  tasks.o(i.prvInitialiseNewTask)
    prvInitialiseNewTask                     0x08004765   Thumb Code   176  tasks.o(i.prvInitialiseNewTask)
    i.prvInsertBlockIntoFreeList             0x08004814   Section        0  heap_4.o(i.prvInsertBlockIntoFreeList)
    prvInsertBlockIntoFreeList               0x08004815   Thumb Code    72  heap_4.o(i.prvInsertBlockIntoFreeList)
    i.prvInsertTimerInActiveList             0x08004860   Section        0  timers.o(i.prvInsertTimerInActiveList)
    prvInsertTimerInActiveList               0x08004861   Thumb Code    52  timers.o(i.prvInsertTimerInActiveList)
    i.prvIsQueueEmpty                        0x08004898   Section        0  queue.o(i.prvIsQueueEmpty)
    prvIsQueueEmpty                          0x08004899   Thumb Code    28  queue.o(i.prvIsQueueEmpty)
    i.prvProcessReceivedCommands             0x080048b4   Section        0  timers.o(i.prvProcessReceivedCommands)
    prvProcessReceivedCommands               0x080048b5   Thumb Code   248  timers.o(i.prvProcessReceivedCommands)
    i.prvProcessTimerOrBlockTask             0x080049b0   Section        0  timers.o(i.prvProcessTimerOrBlockTask)
    prvProcessTimerOrBlockTask               0x080049b1   Thumb Code   182  timers.o(i.prvProcessTimerOrBlockTask)
    i.prvResetNextTaskUnblockTime            0x08004a70   Section        0  tasks.o(i.prvResetNextTaskUnblockTime)
    prvResetNextTaskUnblockTime              0x08004a71   Thumb Code    26  tasks.o(i.prvResetNextTaskUnblockTime)
    i.prvSampleTimeNow                       0x08004a90   Section        0  timers.o(i.prvSampleTimeNow)
    prvSampleTimeNow                         0x08004a91   Thumb Code    36  timers.o(i.prvSampleTimeNow)
    i.prvSwitchTimerLists                    0x08004ab8   Section        0  timers.o(i.prvSwitchTimerLists)
    prvSwitchTimerLists                      0x08004ab9   Thumb Code   104  timers.o(i.prvSwitchTimerLists)
    i.prvTaskExitError                       0x08004b24   Section        0  port.o(i.prvTaskExitError)
    prvTaskExitError                         0x08004b25   Thumb Code    36  port.o(i.prvTaskExitError)
    i.prvTimerTask                           0x08004b4c   Section        0  timers.o(i.prvTimerTask)
    prvTimerTask                             0x08004b4d   Thumb Code    32  timers.o(i.prvTimerTask)
    i.prvUnlockQueue                         0x08004b70   Section        0  queue.o(i.prvUnlockQueue)
    prvUnlockQueue                           0x08004b71   Thumb Code   106  queue.o(i.prvUnlockQueue)
    i.pvPortMalloc                           0x08004bdc   Section        0  heap_4.o(i.pvPortMalloc)
    i.pxPortInitialiseStack                  0x08004cb8   Section        0  port.o(i.pxPortInitialiseStack)
    i.uxListRemove                           0x08004ce4   Section        0  list.o(i.uxListRemove)
    i.vApplicationGetIdleTaskMemory          0x08004d0c   Section        0  cmsis_os2.o(i.vApplicationGetIdleTaskMemory)
    i.vApplicationGetTimerTaskMemory         0x08004d20   Section        0  cmsis_os2.o(i.vApplicationGetTimerTaskMemory)
    i.vListInitialise                        0x08004d38   Section        0  list.o(i.vListInitialise)
    i.vListInitialiseItem                    0x08004d4e   Section        0  list.o(i.vListInitialiseItem)
    i.vListInsert                            0x08004d54   Section        0  list.o(i.vListInsert)
    i.vListInsertEnd                         0x08004d84   Section        0  list.o(i.vListInsertEnd)
    i.vPortEnterCritical                     0x08004d9c   Section        0  port.o(i.vPortEnterCritical)
    i.vPortExitCritical                      0x08004ddc   Section        0  port.o(i.vPortExitCritical)
    i.vPortFree                              0x08004e04   Section        0  heap_4.o(i.vPortFree)
    i.vPortSetupTimerInterrupt               0x08004e68   Section        0  port.o(i.vPortSetupTimerInterrupt)
    i.vPortValidateInterruptPriority         0x08004e8c   Section        0  port.o(i.vPortValidateInterruptPriority)
    i.vQueueAddToRegistry                    0x08004ee0   Section        0  queue.o(i.vQueueAddToRegistry)
    i.vQueueWaitForMessageRestricted         0x08004f08   Section        0  queue.o(i.vQueueWaitForMessageRestricted)
    i.vTaskDelay                             0x08004f4c   Section        0  tasks.o(i.vTaskDelay)
    i.vTaskInternalSetTimeOutState           0x08004f98   Section        0  tasks.o(i.vTaskInternalSetTimeOutState)
    i.vTaskMissedYield                       0x08004fa8   Section        0  tasks.o(i.vTaskMissedYield)
    i.vTaskPlaceOnEventList                  0x08004fb4   Section        0  tasks.o(i.vTaskPlaceOnEventList)
    i.vTaskPlaceOnEventListRestricted        0x08004fe4   Section        0  tasks.o(i.vTaskPlaceOnEventListRestricted)
    i.vTaskStartScheduler                    0x0800501c   Section        0  tasks.o(i.vTaskStartScheduler)
    i.vTaskSuspendAll                        0x080050a4   Section        0  tasks.o(i.vTaskSuspendAll)
    i.vTaskSwitchContext                     0x080050b4   Section        0  tasks.o(i.vTaskSwitchContext)
    i.xPortStartScheduler                    0x08005118   Section        0  port.o(i.xPortStartScheduler)
    i.xPortSysTickHandler                    0x0800520c   Section        0  port.o(i.xPortSysTickHandler)
    i.xQueueGenericCreate                    0x08005238   Section        0  queue.o(i.xQueueGenericCreate)
    i.xQueueGenericCreateStatic              0x0800527a   Section        0  queue.o(i.xQueueGenericCreateStatic)
    i.xQueueGenericReset                     0x080052e0   Section        0  queue.o(i.xQueueGenericReset)
    i.xQueueGenericSend                      0x08005368   Section        0  queue.o(i.xQueueGenericSend)
    i.xQueueGenericSendFromISR               0x080054c8   Section        0  queue.o(i.xQueueGenericSendFromISR)
    i.xQueueReceive                          0x08005588   Section        0  queue.o(i.xQueueReceive)
    i.xQueueReceiveFromISR                   0x080056c0   Section        0  queue.o(i.xQueueReceiveFromISR)
    i.xTaskCheckForTimeOut                   0x0800575c   Section        0  tasks.o(i.xTaskCheckForTimeOut)
    i.xTaskCreate                            0x080057d0   Section        0  tasks.o(i.xTaskCreate)
    i.xTaskCreateStatic                      0x0800582a   Section        0  tasks.o(i.xTaskCreateStatic)
    i.xTaskGetSchedulerState                 0x08005880   Section        0  tasks.o(i.xTaskGetSchedulerState)
    i.xTaskGetTickCount                      0x0800589c   Section        0  tasks.o(i.xTaskGetTickCount)
    i.xTaskIncrementTick                     0x080058a8   Section        0  tasks.o(i.xTaskIncrementTick)
    i.xTaskPriorityDisinherit                0x08005970   Section        0  tasks.o(i.xTaskPriorityDisinherit)
    i.xTaskRemoveFromEventList               0x080059f0   Section        0  tasks.o(i.xTaskRemoveFromEventList)
    i.xTaskResumeAll                         0x08005a60   Section        0  tasks.o(i.xTaskResumeAll)
    i.xTimerCreateTimerTask                  0x08005b24   Section        0  timers.o(i.xTimerCreateTimerTask)
    i.xTimerGenericCommand                   0x08005b84   Section        0  timers.o(i.xTimerGenericCommand)
    .constdata                               0x08005bec   Section      108  freertos.o(.constdata)
    .constdata                               0x08005c58   Section       16  system_stm32f4xx.o(.constdata)
    .constdata                               0x08005c68   Section        8  system_stm32f4xx.o(.constdata)
    .constdata                               0x08005c70   Section     6080  fonts.o(.constdata)
    .conststring                             0x08007430   Section       32  freertos.o(.conststring)
    .data                                    0x20000000   Section       20  freertos.o(.data)
    heartbeat_toggle                         0x20000000   Data           1  freertos.o(.data)
    .data                                    0x20000014   Section        8  fsmc.o(.data)
    FSMC_Initialized                         0x20000014   Data           4  fsmc.o(.data)
    FSMC_DeInitialized                       0x20000018   Data           4  fsmc.o(.data)
    .data                                    0x2000001c   Section        4  system_stm32f4xx.o(.data)
    .data                                    0x20000020   Section        4  lora_rx.o(.data)
    heartbeat_toggle                         0x20000021   Data           1  lora_rx.o(.data)
    .data                                    0x20000024   Section        1  lora_rx.o(.data)
    .data                                    0x20000028   Section       12  stm32f4xx_hal.o(.data)
    .data                                    0x20000034   Section       16  bsp_nt35510_lcd.o(.data)
    CurrentTextColor                         0x2000003a   Data           2  bsp_nt35510_lcd.o(.data)
    CurrentBackColor                         0x2000003c   Data           2  bsp_nt35510_lcd.o(.data)
    LCD_Currentfonts                         0x20000040   Data           4  bsp_nt35510_lcd.o(.data)
    .data                                    0x20000044   Section        8  fonts.o(.data)
    .data                                    0x2000004c   Section       60  tasks.o(.data)
    uxDeletedTasksWaitingCleanUp             0x20000050   Data           4  tasks.o(.data)
    uxCurrentNumberOfTasks                   0x20000054   Data           4  tasks.o(.data)
    xTickCount                               0x20000058   Data           4  tasks.o(.data)
    uxTopReadyPriority                       0x2000005c   Data           4  tasks.o(.data)
    xSchedulerRunning                        0x20000060   Data           4  tasks.o(.data)
    xPendedTicks                             0x20000064   Data           4  tasks.o(.data)
    xYieldPending                            0x20000068   Data           4  tasks.o(.data)
    xNumOfOverflows                          0x2000006c   Data           4  tasks.o(.data)
    uxTaskNumber                             0x20000070   Data           4  tasks.o(.data)
    xNextTaskUnblockTime                     0x20000074   Data           4  tasks.o(.data)
    xIdleTaskHandle                          0x20000078   Data           4  tasks.o(.data)
    uxSchedulerSuspended                     0x2000007c   Data           4  tasks.o(.data)
    pxDelayedTaskList                        0x20000080   Data           4  tasks.o(.data)
    pxOverflowDelayedTaskList                0x20000084   Data           4  tasks.o(.data)
    .data                                    0x20000088   Section       20  timers.o(.data)
    xTimerQueue                              0x20000088   Data           4  timers.o(.data)
    xTimerTaskHandle                         0x2000008c   Data           4  timers.o(.data)
    xLastTime                                0x20000090   Data           4  timers.o(.data)
    pxCurrentTimerList                       0x20000094   Data           4  timers.o(.data)
    pxOverflowTimerList                      0x20000098   Data           4  timers.o(.data)
    .data                                    0x2000009c   Section        4  cmsis_os2.o(.data)
    KernelState                              0x2000009c   Data           4  cmsis_os2.o(.data)
    .data                                    0x200000a0   Section       32  heap_4.o(.data)
    pxEnd                                    0x200000a0   Data           4  heap_4.o(.data)
    xFreeBytesRemaining                      0x200000a4   Data           4  heap_4.o(.data)
    xMinimumEverFreeBytesRemaining           0x200000a8   Data           4  heap_4.o(.data)
    xNumberOfSuccessfulAllocations           0x200000ac   Data           4  heap_4.o(.data)
    xNumberOfSuccessfulFrees                 0x200000b0   Data           4  heap_4.o(.data)
    xBlockAllocatedBit                       0x200000b4   Data           4  heap_4.o(.data)
    xStart                                   0x200000b8   Data           8  heap_4.o(.data)
    .data                                    0x200000c0   Section       12  port.o(.data)
    ucMaxSysCallPriority                     0x200000c0   Data           1  port.o(.data)
    uxCriticalNesting                        0x200000c4   Data           4  port.o(.data)
    ulMaxPRIGROUPValue                       0x200000c8   Data           4  port.o(.data)
    .data                                    0x200000cc   Section        4  stdout.o(.data)
    .bss                                     0x200000d0   Section       80  fsmc.o(.bss)
    .bss                                     0x20000120   Section      144  usart.o(.bss)
    .bss                                     0x200001b0   Section       72  stm32f4xx_hal_timebase_tim.o(.bss)
    .bss                                     0x200001f8   Section      172  lora_rx.o(.bss)
    .bss                                     0x200002a4   Section    17644  bsp_nt35510_lcd.o(.bss)
    ucBuffer                                 0x200046a4   Data         128  bsp_nt35510_lcd.o(.bss)
    .bss                                     0x20004790   Section       64  queue.o(.bss)
    .bss                                     0x200047d0   Section     1220  tasks.o(.bss)
    pxReadyTasksLists                        0x200047d0   Data        1120  tasks.o(.bss)
    xDelayedTaskList1                        0x20004c30   Data          20  tasks.o(.bss)
    xDelayedTaskList2                        0x20004c44   Data          20  tasks.o(.bss)
    xPendingReadyList                        0x20004c58   Data          20  tasks.o(.bss)
    xTasksWaitingTermination                 0x20004c6c   Data          20  tasks.o(.bss)
    xSuspendedTaskList                       0x20004c80   Data          20  tasks.o(.bss)
    .bss                                     0x20004c94   Section      280  timers.o(.bss)
    xStaticTimerQueue                        0x20004c94   Data          80  timers.o(.bss)
    ucStaticTimerQueueStorage                0x20004ce4   Data         160  timers.o(.bss)
    xActiveTimerList1                        0x20004d84   Data          20  timers.o(.bss)
    xActiveTimerList2                        0x20004d98   Data          20  timers.o(.bss)
    .bss                                     0x20004dac   Section     1720  cmsis_os2.o(.bss)
    Idle_TCB                                 0x20004dac   Data          92  cmsis_os2.o(.bss)
    Idle_Stack                               0x20004e08   Data         512  cmsis_os2.o(.bss)
    Timer_TCB                                0x20005008   Data          92  cmsis_os2.o(.bss)
    Timer_Stack                              0x20005064   Data        1024  cmsis_os2.o(.bss)
    .bss                                     0x20005464   Section    32768  heap_4.o(.bss)
    ucHeap                                   0x20005464   Data       32768  heap_4.o(.bss)
    STACK                                    0x2000d468   Section     1024  startup_stm32f407xx.o(STACK)

    Global Symbols

    Symbol Name                              Value     Ov Type        Size  Object(Section)

    BuildAttributes$$THM_ISAv4$E$P$D$K$B$S$7EM$VFPi3$EXTD16$VFPS$VFMA$PE$A:L22UL41UL21$X:L11$S22US41US21$IEEE1$IW$USESV6$~STKCKD$USESV7$~SHL$OSPACE$ROPI$EBA8$MICROLIB$REQ8$PRES8$EABIv2 0x00000000   Number         0  anon$$obj.o ABSOLUTE
    __ARM_use_no_argv                        0x00000000   Number         0  main.o ABSOLUTE
    _printf_a                                0x00000000   Number         0  stubs.o ABSOLUTE
    _printf_c                                0x00000000   Number         0  stubs.o ABSOLUTE
    _printf_charcount                        0x00000000   Number         0  stubs.o ABSOLUTE
    _printf_d                                0x00000000   Number         0  stubs.o ABSOLUTE
    _printf_e                                0x00000000   Number         0  stubs.o ABSOLUTE
    _printf_f                                0x00000000   Number         0  stubs.o ABSOLUTE
    _printf_flags                            0x00000000   Number         0  stubs.o ABSOLUTE
    _printf_fp_dec                           0x00000000   Number         0  stubs.o ABSOLUTE
    _printf_fp_hex                           0x00000000   Number         0  stubs.o ABSOLUTE
    _printf_g                                0x00000000   Number         0  stubs.o ABSOLUTE
    _printf_i                                0x00000000   Number         0  stubs.o ABSOLUTE
    _printf_int_dec                          0x00000000   Number         0  stubs.o ABSOLUTE
    _printf_l                                0x00000000   Number         0  stubs.o ABSOLUTE
    _printf_lc                               0x00000000   Number         0  stubs.o ABSOLUTE
    _printf_ll                               0x00000000   Number         0  stubs.o ABSOLUTE
    _printf_lld                              0x00000000   Number         0  stubs.o ABSOLUTE
    _printf_lli                              0x00000000   Number         0  stubs.o ABSOLUTE
    _printf_llo                              0x00000000   Number         0  stubs.o ABSOLUTE
    _printf_llu                              0x00000000   Number         0  stubs.o ABSOLUTE
    _printf_llx                              0x00000000   Number         0  stubs.o ABSOLUTE
    _printf_longlong_dec                     0x00000000   Number         0  stubs.o ABSOLUTE
    _printf_longlong_hex                     0x00000000   Number         0  stubs.o ABSOLUTE
    _printf_longlong_oct                     0x00000000   Number         0  stubs.o ABSOLUTE
    _printf_ls                               0x00000000   Number         0  stubs.o ABSOLUTE
    _printf_mbtowc                           0x00000000   Number         0  stubs.o ABSOLUTE
    _printf_n                                0x00000000   Number         0  stubs.o ABSOLUTE
    _printf_o                                0x00000000   Number         0  stubs.o ABSOLUTE
    _printf_p                                0x00000000   Number         0  stubs.o ABSOLUTE
    _printf_percent                          0x00000000   Number         0  stubs.o ABSOLUTE
    _printf_pre_padding                      0x00000000   Number         0  stubs.o ABSOLUTE
    _printf_return_value                     0x00000000   Number         0  stubs.o ABSOLUTE
    _printf_s                                0x00000000   Number         0  stubs.o ABSOLUTE
    _printf_sizespec                         0x00000000   Number         0  stubs.o ABSOLUTE
    _printf_str                              0x00000000   Number         0  stubs.o ABSOLUTE
    _printf_truncate_signed                  0x00000000   Number         0  stubs.o ABSOLUTE
    _printf_truncate_unsigned                0x00000000   Number         0  stubs.o ABSOLUTE
    _printf_u                                0x00000000   Number         0  stubs.o ABSOLUTE
    _printf_wc                               0x00000000   Number         0  stubs.o ABSOLUTE
    _printf_wctomb                           0x00000000   Number         0  stubs.o ABSOLUTE
    _printf_widthprec                        0x00000000   Number         0  stubs.o ABSOLUTE
    _printf_x                                0x00000000   Number         0  stubs.o ABSOLUTE
    __arm_fini_                               - Undefined Weak Reference
    __cpp_initialize__aeabi_                  - Undefined Weak Reference
    __cxa_finalize                            - Undefined Weak Reference
    __decompress                              - Undefined Weak Reference
    _clock_init                               - Undefined Weak Reference
    _microlib_exit                            - Undefined Weak Reference
    __Vectors_Size                           0x00000188   Number         0  startup_stm32f407xx.o ABSOLUTE
    __Vectors                                0x08000000   Data           4  startup_stm32f407xx.o(RESET)
    __Vectors_End                            0x08000188   Data           0  startup_stm32f407xx.o(RESET)
    __main                                   0x08000189   Thumb Code     0  entry.o(.ARM.Collect$$$$00000000)
    _main_stk                                0x08000189   Thumb Code     0  entry2.o(.ARM.Collect$$$$00000001)
    _main_scatterload                        0x0800018d   Thumb Code     0  entry5.o(.ARM.Collect$$$$00000004)
    __main_after_scatterload                 0x08000191   Thumb Code     0  entry5.o(.ARM.Collect$$$$00000004)
    _main_clock                              0x08000191   Thumb Code     0  entry7b.o(.ARM.Collect$$$$00000008)
    _main_cpp_init                           0x08000191   Thumb Code     0  entry8b.o(.ARM.Collect$$$$0000000A)
    _main_init                               0x08000191   Thumb Code     0  entry9a.o(.ARM.Collect$$$$0000000B)
    __rt_lib_shutdown_fini                   0x08000199   Thumb Code     0  entry12b.o(.ARM.Collect$$$$0000000E)
    __rt_final_cpp                           0x0800019d   Thumb Code     0  entry10a.o(.ARM.Collect$$$$0000000F)
    __rt_final_exit                          0x0800019d   Thumb Code     0  entry11a.o(.ARM.Collect$$$$00000011)
    SVC_Handler                              0x080001a1   Thumb Code    28  port.o(.emb_text)
    __asm___6_port_c_39a90d8d__prvStartFirstTask 0x080001c1   Thumb Code    36  port.o(.emb_text)
    __asm___6_port_c_39a90d8d__prvEnableVFP  0x080001e9   Thumb Code    16  port.o(.emb_text)
    PendSV_Handler                           0x080001fd   Thumb Code    88  port.o(.emb_text)
    vPortGetIPSR                             0x08000259   Thumb Code     6  port.o(.emb_text)
    Reset_Handler                            0x08000261   Thumb Code     8  startup_stm32f407xx.o(.text)
    ADC_IRQHandler                           0x0800027b   Thumb Code     0  startup_stm32f407xx.o(.text)
    CAN1_RX0_IRQHandler                      0x0800027b   Thumb Code     0  startup_stm32f407xx.o(.text)
    CAN1_RX1_IRQHandler                      0x0800027b   Thumb Code     0  startup_stm32f407xx.o(.text)
    CAN1_SCE_IRQHandler                      0x0800027b   Thumb Code     0  startup_stm32f407xx.o(.text)
    CAN1_TX_IRQHandler                       0x0800027b   Thumb Code     0  startup_stm32f407xx.o(.text)
    CAN2_RX0_IRQHandler                      0x0800027b   Thumb Code     0  startup_stm32f407xx.o(.text)
    CAN2_RX1_IRQHandler                      0x0800027b   Thumb Code     0  startup_stm32f407xx.o(.text)
    CAN2_SCE_IRQHandler                      0x0800027b   Thumb Code     0  startup_stm32f407xx.o(.text)
    CAN2_TX_IRQHandler                       0x0800027b   Thumb Code     0  startup_stm32f407xx.o(.text)
    DCMI_IRQHandler                          0x0800027b   Thumb Code     0  startup_stm32f407xx.o(.text)
    DMA1_Stream0_IRQHandler                  0x0800027b   Thumb Code     0  startup_stm32f407xx.o(.text)
    DMA1_Stream1_IRQHandler                  0x0800027b   Thumb Code     0  startup_stm32f407xx.o(.text)
    DMA1_Stream2_IRQHandler                  0x0800027b   Thumb Code     0  startup_stm32f407xx.o(.text)
    DMA1_Stream3_IRQHandler                  0x0800027b   Thumb Code     0  startup_stm32f407xx.o(.text)
    DMA1_Stream4_IRQHandler                  0x0800027b   Thumb Code     0  startup_stm32f407xx.o(.text)
    DMA1_Stream5_IRQHandler                  0x0800027b   Thumb Code     0  startup_stm32f407xx.o(.text)
    DMA1_Stream6_IRQHandler                  0x0800027b   Thumb Code     0  startup_stm32f407xx.o(.text)
    DMA1_Stream7_IRQHandler                  0x0800027b   Thumb Code     0  startup_stm32f407xx.o(.text)
    DMA2_Stream0_IRQHandler                  0x0800027b   Thumb Code     0  startup_stm32f407xx.o(.text)
    DMA2_Stream1_IRQHandler                  0x0800027b   Thumb Code     0  startup_stm32f407xx.o(.text)
    DMA2_Stream2_IRQHandler                  0x0800027b   Thumb Code     0  startup_stm32f407xx.o(.text)
    DMA2_Stream3_IRQHandler                  0x0800027b   Thumb Code     0  startup_stm32f407xx.o(.text)
    DMA2_Stream4_IRQHandler                  0x0800027b   Thumb Code     0  startup_stm32f407xx.o(.text)
    DMA2_Stream5_IRQHandler                  0x0800027b   Thumb Code     0  startup_stm32f407xx.o(.text)
    DMA2_Stream6_IRQHandler                  0x0800027b   Thumb Code     0  startup_stm32f407xx.o(.text)
    DMA2_Stream7_IRQHandler                  0x0800027b   Thumb Code     0  startup_stm32f407xx.o(.text)
    ETH_IRQHandler                           0x0800027b   Thumb Code     0  startup_stm32f407xx.o(.text)
    ETH_WKUP_IRQHandler                      0x0800027b   Thumb Code     0  startup_stm32f407xx.o(.text)
    EXTI0_IRQHandler                         0x0800027b   Thumb Code     0  startup_stm32f407xx.o(.text)
    EXTI15_10_IRQHandler                     0x0800027b   Thumb Code     0  startup_stm32f407xx.o(.text)
    EXTI1_IRQHandler                         0x0800027b   Thumb Code     0  startup_stm32f407xx.o(.text)
    EXTI2_IRQHandler                         0x0800027b   Thumb Code     0  startup_stm32f407xx.o(.text)
    EXTI3_IRQHandler                         0x0800027b   Thumb Code     0  startup_stm32f407xx.o(.text)
    EXTI4_IRQHandler                         0x0800027b   Thumb Code     0  startup_stm32f407xx.o(.text)
    EXTI9_5_IRQHandler                       0x0800027b   Thumb Code     0  startup_stm32f407xx.o(.text)
    FLASH_IRQHandler                         0x0800027b   Thumb Code     0  startup_stm32f407xx.o(.text)
    FMC_IRQHandler                           0x0800027b   Thumb Code     0  startup_stm32f407xx.o(.text)
    FPU_IRQHandler                           0x0800027b   Thumb Code     0  startup_stm32f407xx.o(.text)
    HASH_RNG_IRQHandler                      0x0800027b   Thumb Code     0  startup_stm32f407xx.o(.text)
    I2C1_ER_IRQHandler                       0x0800027b   Thumb Code     0  startup_stm32f407xx.o(.text)
    I2C1_EV_IRQHandler                       0x0800027b   Thumb Code     0  startup_stm32f407xx.o(.text)
    I2C2_ER_IRQHandler                       0x0800027b   Thumb Code     0  startup_stm32f407xx.o(.text)
    I2C2_EV_IRQHandler                       0x0800027b   Thumb Code     0  startup_stm32f407xx.o(.text)
    I2C3_ER_IRQHandler                       0x0800027b   Thumb Code     0  startup_stm32f407xx.o(.text)
    I2C3_EV_IRQHandler                       0x0800027b   Thumb Code     0  startup_stm32f407xx.o(.text)
    OTG_FS_IRQHandler                        0x0800027b   Thumb Code     0  startup_stm32f407xx.o(.text)
    OTG_FS_WKUP_IRQHandler                   0x0800027b   Thumb Code     0  startup_stm32f407xx.o(.text)
    OTG_HS_EP1_IN_IRQHandler                 0x0800027b   Thumb Code     0  startup_stm32f407xx.o(.text)
    OTG_HS_EP1_OUT_IRQHandler                0x0800027b   Thumb Code     0  startup_stm32f407xx.o(.text)
    OTG_HS_IRQHandler                        0x0800027b   Thumb Code     0  startup_stm32f407xx.o(.text)
    OTG_HS_WKUP_IRQHandler                   0x0800027b   Thumb Code     0  startup_stm32f407xx.o(.text)
    PVD_IRQHandler                           0x0800027b   Thumb Code     0  startup_stm32f407xx.o(.text)
    RCC_IRQHandler                           0x0800027b   Thumb Code     0  startup_stm32f407xx.o(.text)
    RTC_Alarm_IRQHandler                     0x0800027b   Thumb Code     0  startup_stm32f407xx.o(.text)
    RTC_WKUP_IRQHandler                      0x0800027b   Thumb Code     0  startup_stm32f407xx.o(.text)
    SDIO_IRQHandler                          0x0800027b   Thumb Code     0  startup_stm32f407xx.o(.text)
    SPI1_IRQHandler                          0x0800027b   Thumb Code     0  startup_stm32f407xx.o(.text)
    SPI2_IRQHandler                          0x0800027b   Thumb Code     0  startup_stm32f407xx.o(.text)
    SPI3_IRQHandler                          0x0800027b   Thumb Code     0  startup_stm32f407xx.o(.text)
    TAMP_STAMP_IRQHandler                    0x0800027b   Thumb Code     0  startup_stm32f407xx.o(.text)
    TIM1_BRK_TIM9_IRQHandler                 0x0800027b   Thumb Code     0  startup_stm32f407xx.o(.text)
    TIM1_CC_IRQHandler                       0x0800027b   Thumb Code     0  startup_stm32f407xx.o(.text)
    TIM1_TRG_COM_TIM11_IRQHandler            0x0800027b   Thumb Code     0  startup_stm32f407xx.o(.text)
    TIM2_IRQHandler                          0x0800027b   Thumb Code     0  startup_stm32f407xx.o(.text)
    TIM3_IRQHandler                          0x0800027b   Thumb Code     0  startup_stm32f407xx.o(.text)
    TIM4_IRQHandler                          0x0800027b   Thumb Code     0  startup_stm32f407xx.o(.text)
    TIM5_IRQHandler                          0x0800027b   Thumb Code     0  startup_stm32f407xx.o(.text)
    TIM6_DAC_IRQHandler                      0x0800027b   Thumb Code     0  startup_stm32f407xx.o(.text)
    TIM7_IRQHandler                          0x0800027b   Thumb Code     0  startup_stm32f407xx.o(.text)
    TIM8_BRK_TIM12_IRQHandler                0x0800027b   Thumb Code     0  startup_stm32f407xx.o(.text)
    TIM8_CC_IRQHandler                       0x0800027b   Thumb Code     0  startup_stm32f407xx.o(.text)
    TIM8_TRG_COM_TIM14_IRQHandler            0x0800027b   Thumb Code     0  startup_stm32f407xx.o(.text)
    TIM8_UP_TIM13_IRQHandler                 0x0800027b   Thumb Code     0  startup_stm32f407xx.o(.text)
    UART4_IRQHandler                         0x0800027b   Thumb Code     0  startup_stm32f407xx.o(.text)
    UART5_IRQHandler                         0x0800027b   Thumb Code     0  startup_stm32f407xx.o(.text)
    USART1_IRQHandler                        0x0800027b   Thumb Code     0  startup_stm32f407xx.o(.text)
    USART2_IRQHandler                        0x0800027b   Thumb Code     0  startup_stm32f407xx.o(.text)
    USART6_IRQHandler                        0x0800027b   Thumb Code     0  startup_stm32f407xx.o(.text)
    WWDG_IRQHandler                          0x0800027b   Thumb Code     0  startup_stm32f407xx.o(.text)
    __aeabi_uldivmod                         0x08000285   Thumb Code    98  uldiv.o(.text)
    __aeabi_memcpy                           0x080002e7   Thumb Code    36  memcpya.o(.text)
    __aeabi_memcpy4                          0x080002e7   Thumb Code     0  memcpya.o(.text)
    __aeabi_memcpy8                          0x080002e7   Thumb Code     0  memcpya.o(.text)
    __aeabi_memset                           0x0800030b   Thumb Code    14  memseta.o(.text)
    __aeabi_memset4                          0x0800030b   Thumb Code     0  memseta.o(.text)
    __aeabi_memset8                          0x0800030b   Thumb Code     0  memseta.o(.text)
    __aeabi_memclr                           0x08000319   Thumb Code     4  memseta.o(.text)
    __aeabi_memclr4                          0x08000319   Thumb Code     0  memseta.o(.text)
    __aeabi_memclr8                          0x08000319   Thumb Code     0  memseta.o(.text)
    memset                                   0x0800031d   Thumb Code    18  memseta.o(.text)
    __aeabi_f2d                              0x0800032f   Thumb Code    38  f2d.o(.text)
    __aeabi_uidiv                            0x08000355   Thumb Code     0  uidiv.o(.text)
    __aeabi_uidivmod                         0x08000355   Thumb Code    44  uidiv.o(.text)
    __aeabi_llsl                             0x08000381   Thumb Code    30  llshl.o(.text)
    _ll_shift_l                              0x08000381   Thumb Code     0  llshl.o(.text)
    __aeabi_llsr                             0x0800039f   Thumb Code    32  llushr.o(.text)
    _ll_ushift_r                             0x0800039f   Thumb Code     0  llushr.o(.text)
    __I$use$fp                               0x080003bf   Thumb Code     0  iusefp.o(.text)
    __aeabi_dadd                             0x080003bf   Thumb Code   322  dadd.o(.text)
    __aeabi_dsub                             0x08000501   Thumb Code     6  dadd.o(.text)
    __aeabi_drsub                            0x08000507   Thumb Code     6  dadd.o(.text)
    __aeabi_dmul                             0x0800050d   Thumb Code   228  dmul.o(.text)
    __aeabi_ddiv                             0x080005f1   Thumb Code   222  ddiv.o(.text)
    __aeabi_d2ulz                            0x080006cf   Thumb Code    48  dfixul.o(.text)
    __aeabi_cdrcmple                         0x08000701   Thumb Code    48  cdrcmple.o(.text)
    __scatterload                            0x08000731   Thumb Code    28  init.o(.text)
    __scatterload_rt2                        0x08000731   Thumb Code     0  init.o(.text)
    __aeabi_lasr                             0x08000755   Thumb Code    36  llsshr.o(.text)
    _ll_sshift_r                             0x08000755   Thumb Code     0  llsshr.o(.text)
    _double_round                            0x08000779   Thumb Code    30  depilogue.o(.text)
    _double_epilogue                         0x08000797   Thumb Code   156  depilogue.o(.text)
    BusFault_Handler                         0x08000833   Thumb Code     2  stm32f4xx_it.o(i.BusFault_Handler)
    DebugMon_Handler                         0x08000835   Thumb Code     2  stm32f4xx_it.o(i.DebugMon_Handler)
    Error_Handler                            0x08000837   Thumb Code     4  main.o(i.Error_Handler)
    FSMC_NORSRAM_Extended_Timing_Init        0x0800083d   Thumb Code    56  stm32f4xx_ll_fsmc.o(i.FSMC_NORSRAM_Extended_Timing_Init)
    FSMC_NORSRAM_Init                        0x08000879   Thumb Code    98  stm32f4xx_ll_fsmc.o(i.FSMC_NORSRAM_Init)
    FSMC_NORSRAM_Timing_Init                 0x080008e1   Thumb Code    56  stm32f4xx_ll_fsmc.o(i.FSMC_NORSRAM_Timing_Init)
    HAL_DMA_Abort                            0x0800091d   Thumb Code   146  stm32f4xx_hal_dma.o(i.HAL_DMA_Abort)
    HAL_DMA_Abort_IT                         0x080009af   Thumb Code    36  stm32f4xx_hal_dma.o(i.HAL_DMA_Abort_IT)
    HAL_GPIO_Init                            0x08000a75   Thumb Code   450  stm32f4xx_hal_gpio.o(i.HAL_GPIO_Init)
    HAL_GPIO_WritePin                        0x08000c65   Thumb Code    10  stm32f4xx_hal_gpio.o(i.HAL_GPIO_WritePin)
    HAL_GetTick                              0x08000c71   Thumb Code     6  stm32f4xx_hal.o(i.HAL_GetTick)
    HAL_IncTick                              0x08000c7d   Thumb Code    12  stm32f4xx_hal.o(i.HAL_IncTick)
    HAL_Init                                 0x08000c8d   Thumb Code    48  stm32f4xx_hal.o(i.HAL_Init)
    HAL_InitTick                             0x08000cc1   Thumb Code   120  stm32f4xx_hal_timebase_tim.o(i.HAL_InitTick)
    HAL_MspInit                              0x08000d4d   Thumb Code    52  stm32f4xx_hal_msp.o(i.HAL_MspInit)
    HAL_NVIC_EnableIRQ                       0x08000d85   Thumb Code    26  stm32f4xx_hal_cortex.o(i.HAL_NVIC_EnableIRQ)
    HAL_NVIC_SetPriority                     0x08000da1   Thumb Code    60  stm32f4xx_hal_cortex.o(i.HAL_NVIC_SetPriority)
    HAL_NVIC_SetPriorityGrouping             0x08000de1   Thumb Code    26  stm32f4xx_hal_cortex.o(i.HAL_NVIC_SetPriorityGrouping)
    HAL_RCC_ClockConfig                      0x08000e05   Thumb Code   288  stm32f4xx_hal_rcc.o(i.HAL_RCC_ClockConfig)
    HAL_RCC_GetClockConfig                   0x08000f39   Thumb Code    54  stm32f4xx_hal_rcc.o(i.HAL_RCC_GetClockConfig)
    HAL_RCC_GetPCLK1Freq                     0x08000f79   Thumb Code    20  stm32f4xx_hal_rcc.o(i.HAL_RCC_GetPCLK1Freq)
    HAL_RCC_GetPCLK2Freq                     0x08000f99   Thumb Code    20  stm32f4xx_hal_rcc.o(i.HAL_RCC_GetPCLK2Freq)
    HAL_RCC_GetSysClockFreq                  0x08000fb9   Thumb Code    88  stm32f4xx_hal_rcc.o(i.HAL_RCC_GetSysClockFreq)
    HAL_RCC_OscConfig                        0x0800101d   Thumb Code   856  stm32f4xx_hal_rcc.o(i.HAL_RCC_OscConfig)
    HAL_SRAM_Init                            0x08001389   Thumb Code    92  stm32f4xx_hal_sram.o(i.HAL_SRAM_Init)
    HAL_SRAM_MspInit                         0x080013e5   Thumb Code     4  fsmc.o(i.HAL_SRAM_MspInit)
    HAL_TIMEx_BreakCallback                  0x080013e9   Thumb Code     2  stm32f4xx_hal_tim_ex.o(i.HAL_TIMEx_BreakCallback)
    HAL_TIMEx_CommutCallback                 0x080013eb   Thumb Code     2  stm32f4xx_hal_tim_ex.o(i.HAL_TIMEx_CommutCallback)
    HAL_TIM_Base_Init                        0x080013ed   Thumb Code    90  stm32f4xx_hal_tim.o(i.HAL_TIM_Base_Init)
    HAL_TIM_Base_MspInit                     0x08001447   Thumb Code     2  stm32f4xx_hal_tim.o(i.HAL_TIM_Base_MspInit)
    HAL_TIM_Base_Start_IT                    0x08001449   Thumb Code   100  stm32f4xx_hal_tim.o(i.HAL_TIM_Base_Start_IT)
    HAL_TIM_IC_CaptureCallback               0x080014c9   Thumb Code     2  stm32f4xx_hal_tim.o(i.HAL_TIM_IC_CaptureCallback)
    HAL_TIM_IRQHandler                       0x080014cb   Thumb Code   304  stm32f4xx_hal_tim.o(i.HAL_TIM_IRQHandler)
    HAL_TIM_OC_DelayElapsedCallback          0x080015fb   Thumb Code     2  stm32f4xx_hal_tim.o(i.HAL_TIM_OC_DelayElapsedCallback)
    HAL_TIM_PWM_PulseFinishedCallback        0x080015fd   Thumb Code     2  stm32f4xx_hal_tim.o(i.HAL_TIM_PWM_PulseFinishedCallback)
    HAL_TIM_PeriodElapsedCallback            0x08001601   Thumb Code    14  main.o(i.HAL_TIM_PeriodElapsedCallback)
    HAL_TIM_TriggerCallback                  0x08001615   Thumb Code     2  stm32f4xx_hal_tim.o(i.HAL_TIM_TriggerCallback)
    HAL_UARTEx_RxEventCallback               0x08001617   Thumb Code     2  stm32f4xx_hal_uart.o(i.HAL_UARTEx_RxEventCallback)
    HAL_UART_ErrorCallback                   0x08001619   Thumb Code     2  stm32f4xx_hal_uart.o(i.HAL_UART_ErrorCallback)
    HAL_UART_IRQHandler                      0x0800161d   Thumb Code   636  stm32f4xx_hal_uart.o(i.HAL_UART_IRQHandler)
    HAL_UART_Init                            0x0800189d   Thumb Code   100  stm32f4xx_hal_uart.o(i.HAL_UART_Init)
    HAL_UART_MspInit                         0x08001901   Thumb Code   174  usart.o(i.HAL_UART_MspInit)
    HAL_UART_Receive_IT                      0x080019c5   Thumb Code    28  stm32f4xx_hal_uart.o(i.HAL_UART_Receive_IT)
    HAL_UART_RxCpltCallback                  0x080019e1   Thumb Code    34  main.o(i.HAL_UART_RxCpltCallback)
    HAL_UART_Transmit                        0x08001a11   Thumb Code   160  stm32f4xx_hal_uart.o(i.HAL_UART_Transmit)
    HAL_UART_TxCpltCallback                  0x08001ab1   Thumb Code     2  stm32f4xx_hal_uart.o(i.HAL_UART_TxCpltCallback)
    HardFault_Handler                        0x08001ab3   Thumb Code     2  stm32f4xx_it.o(i.HardFault_Handler)
    LCD_GetFont                              0x08001ab5   Thumb Code     6  bsp_nt35510_lcd.o(i.LCD_GetFont)
    LCD_SetColors                            0x08001ac1   Thumb Code     8  bsp_nt35510_lcd.o(i.LCD_SetColors)
    LCD_SetFont                              0x08001acd   Thumb Code     6  bsp_nt35510_lcd.o(i.LCD_SetFont)
    LoRa_Rx_Handler                          0x08001ad9   Thumb Code    64  lora_rx.o(i.LoRa_Rx_Handler)
    MX_FREERTOS_Init                         0x08001b21   Thumb Code    58  freertos.o(i.MX_FREERTOS_Init)
    MX_FSMC_Init                             0x08001b71   Thumb Code   100  fsmc.o(i.MX_FSMC_Init)
    MX_GPIO_Init                             0x08001bdd   Thumb Code   202  gpio.o(i.MX_GPIO_Init)
    MX_USART1_UART_Init                      0x08001cb5   Thumb Code    48  usart.o(i.MX_USART1_UART_Init)
    MX_USART3_UART_Init                      0x08001ced   Thumb Code    48  usart.o(i.MX_USART3_UART_Init)
    MemManage_Handler                        0x08001d25   Thumb Code     2  stm32f4xx_it.o(i.MemManage_Handler)
    NMI_Handler                              0x08001d27   Thumb Code     2  stm32f4xx_it.o(i.NMI_Handler)
    NT35510_BackLed_Control                  0x08001d29   Thumb Code    20  bsp_nt35510_lcd.o(i.NT35510_BackLed_Control)
    NT35510_Clear                            0x08001d41   Thumb Code    26  bsp_nt35510_lcd.o(i.NT35510_Clear)
    NT35510_DispChar_EN                      0x08001d71   Thumb Code   102  bsp_nt35510_lcd.o(i.NT35510_DispChar_EN)
    NT35510_DispStringLine_EN                0x08001ddd   Thumb Code    72  bsp_nt35510_lcd.o(i.NT35510_DispStringLine_EN)
    NT35510_GramScan                         0x08001f85   Thumb Code   148  bsp_nt35510_lcd.o(i.NT35510_GramScan)
    NT35510_Init                             0x0800201d   Thumb Code    48  bsp_nt35510_lcd.o(i.NT35510_Init)
    NT35510_OpenWindow                       0x08002051   Thumb Code    94  bsp_nt35510_lcd.o(i.NT35510_OpenWindow)
    NT35510_Rst                              0x08003025   Thumb Code    48  bsp_nt35510_lcd.o(i.NT35510_Rst)
    StartDefaultTask                         0x08003059   Thumb Code     8  freertos.o(i.StartDefaultTask)
    StartTask02                              0x08003061   Thumb Code    44  freertos.o(i.StartTask02)
    StartTask03                              0x0800309d   Thumb Code   476  freertos.o(i.StartTask03)
    SysTick_Handler                          0x0800334d   Thumb Code    26  cmsis_os2.o(i.SysTick_Handler)
    SystemClock_Config                       0x08003369   Thumb Code   142  main.o(i.SystemClock_Config)
    SystemInit                               0x08003401   Thumb Code    12  system_stm32f4xx.o(i.SystemInit)
    TIM1_UP_TIM10_IRQHandler                 0x08003411   Thumb Code     6  stm32f4xx_it.o(i.TIM1_UP_TIM10_IRQHandler)
    TIM_Base_SetConfig                       0x0800341d   Thumb Code   164  stm32f4xx_hal_tim.o(i.TIM_Base_SetConfig)
    UART_Start_Receive_IT                    0x08003719   Thumb Code    54  stm32f4xx_hal_uart.o(i.UART_Start_Receive_IT)
    USART3_IRQHandler                        0x080037c1   Thumb Code     6  stm32f4xx_it.o(i.USART3_IRQHandler)
    UsageFault_Handler                       0x080037cd   Thumb Code     2  stm32f4xx_it.o(i.UsageFault_Handler)
    __0printf                                0x080037d1   Thumb Code    22  printfa.o(i.__0printf)
    __1printf                                0x080037d1   Thumb Code     0  printfa.o(i.__0printf)
    __2printf                                0x080037d1   Thumb Code     0  printfa.o(i.__0printf)
    __c89printf                              0x080037d1   Thumb Code     0  printfa.o(i.__0printf)
    printf                                   0x080037d1   Thumb Code     0  printfa.o(i.__0printf)
    __0sprintf                               0x080037f1   Thumb Code    34  printfa.o(i.__0sprintf)
    __1sprintf                               0x080037f1   Thumb Code     0  printfa.o(i.__0sprintf)
    __2sprintf                               0x080037f1   Thumb Code     0  printfa.o(i.__0sprintf)
    __c89sprintf                             0x080037f1   Thumb Code     0  printfa.o(i.__0sprintf)
    sprintf                                  0x080037f1   Thumb Code     0  printfa.o(i.__0sprintf)
    __scatterload_copy                       0x08003839   Thumb Code    14  handlers.o(i.__scatterload_copy)
    __scatterload_null                       0x08003847   Thumb Code     2  handlers.o(i.__scatterload_null)
    __scatterload_zeroinit                   0x08003849   Thumb Code    14  handlers.o(i.__scatterload_zeroinit)
    fputc                                    0x080040ed   Thumb Code    20  main.o(i.fputc)
    main                                     0x08004105   Thumb Code   142  main.o(i.main)
    osDelay                                  0x08004221   Thumb Code    26  cmsis_os2.o(i.osDelay)
    osKernelInitialize                       0x0800423d   Thumb Code    32  cmsis_os2.o(i.osKernelInitialize)
    osKernelStart                            0x08004261   Thumb Code    48  cmsis_os2.o(i.osKernelStart)
    osMessageQueueGet                        0x08004299   Thumb Code    96  cmsis_os2.o(i.osMessageQueueGet)
    osMessageQueueNew                        0x080042fd   Thumb Code    88  cmsis_os2.o(i.osMessageQueueNew)
    osMessageQueuePut                        0x08004355   Thumb Code   100  cmsis_os2.o(i.osMessageQueuePut)
    osThreadNew                              0x080043bd   Thumb Code   138  cmsis_os2.o(i.osThreadNew)
    pvPortMalloc                             0x08004bdd   Thumb Code   216  heap_4.o(i.pvPortMalloc)
    pxPortInitialiseStack                    0x08004cb9   Thumb Code    40  port.o(i.pxPortInitialiseStack)
    uxListRemove                             0x08004ce5   Thumb Code    38  list.o(i.uxListRemove)
    vApplicationGetIdleTaskMemory            0x08004d0d   Thumb Code    16  cmsis_os2.o(i.vApplicationGetIdleTaskMemory)
    vApplicationGetTimerTaskMemory           0x08004d21   Thumb Code    18  cmsis_os2.o(i.vApplicationGetTimerTaskMemory)
    vListInitialise                          0x08004d39   Thumb Code    22  list.o(i.vListInitialise)
    vListInitialiseItem                      0x08004d4f   Thumb Code     6  list.o(i.vListInitialiseItem)
    vListInsert                              0x08004d55   Thumb Code    48  list.o(i.vListInsert)
    vListInsertEnd                           0x08004d85   Thumb Code    24  list.o(i.vListInsertEnd)
    vPortEnterCritical                       0x08004d9d   Thumb Code    54  port.o(i.vPortEnterCritical)
    vPortExitCritical                        0x08004ddd   Thumb Code    34  port.o(i.vPortExitCritical)
    vPortFree                                0x08004e05   Thumb Code    94  heap_4.o(i.vPortFree)
    vPortSetupTimerInterrupt                 0x08004e69   Thumb Code    32  port.o(i.vPortSetupTimerInterrupt)
    vPortValidateInterruptPriority           0x08004e8d   Thumb Code    74  port.o(i.vPortValidateInterruptPriority)
    vQueueAddToRegistry                      0x08004ee1   Thumb Code    34  queue.o(i.vQueueAddToRegistry)
    vQueueWaitForMessageRestricted           0x08004f09   Thumb Code    68  queue.o(i.vQueueWaitForMessageRestricted)
    vTaskDelay                               0x08004f4d   Thumb Code    66  tasks.o(i.vTaskDelay)
    vTaskInternalSetTimeOutState             0x08004f99   Thumb Code    12  tasks.o(i.vTaskInternalSetTimeOutState)
    vTaskMissedYield                         0x08004fa9   Thumb Code     8  tasks.o(i.vTaskMissedYield)
    vTaskPlaceOnEventList                    0x08004fb5   Thumb Code    44  tasks.o(i.vTaskPlaceOnEventList)
    vTaskPlaceOnEventListRestricted          0x08004fe5   Thumb Code    52  tasks.o(i.vTaskPlaceOnEventListRestricted)
    vTaskStartScheduler                      0x0800501d   Thumb Code   118  tasks.o(i.vTaskStartScheduler)
    vTaskSuspendAll                          0x080050a5   Thumb Code    10  tasks.o(i.vTaskSuspendAll)
    vTaskSwitchContext                       0x080050b5   Thumb Code    90  tasks.o(i.vTaskSwitchContext)
    xPortStartScheduler                      0x08005119   Thumb Code   222  port.o(i.xPortStartScheduler)
    xPortSysTickHandler                      0x0800520d   Thumb Code    38  port.o(i.xPortSysTickHandler)
    xQueueGenericCreate                      0x08005239   Thumb Code    66  queue.o(i.xQueueGenericCreate)
    xQueueGenericCreateStatic                0x0800527b   Thumb Code   102  queue.o(i.xQueueGenericCreateStatic)
    xQueueGenericReset                       0x080052e1   Thumb Code   132  queue.o(i.xQueueGenericReset)
    xQueueGenericSend                        0x08005369   Thumb Code   346  queue.o(i.xQueueGenericSend)
    xQueueGenericSendFromISR                 0x080054c9   Thumb Code   190  queue.o(i.xQueueGenericSendFromISR)
    xQueueReceive                            0x08005589   Thumb Code   308  queue.o(i.xQueueReceive)
    xQueueReceiveFromISR                     0x080056c1   Thumb Code   154  queue.o(i.xQueueReceiveFromISR)
    xTaskCheckForTimeOut                     0x0800575d   Thumb Code   112  tasks.o(i.xTaskCheckForTimeOut)
    xTaskCreate                              0x080057d1   Thumb Code    90  tasks.o(i.xTaskCreate)
    xTaskCreateStatic                        0x0800582b   Thumb Code    86  tasks.o(i.xTaskCreateStatic)
    xTaskGetSchedulerState                   0x08005881   Thumb Code    22  tasks.o(i.xTaskGetSchedulerState)
    xTaskGetTickCount                        0x0800589d   Thumb Code     6  tasks.o(i.xTaskGetTickCount)
    xTaskIncrementTick                       0x080058a9   Thumb Code   192  tasks.o(i.xTaskIncrementTick)
    xTaskPriorityDisinherit                  0x08005971   Thumb Code   118  tasks.o(i.xTaskPriorityDisinherit)
    xTaskRemoveFromEventList                 0x080059f1   Thumb Code    98  tasks.o(i.xTaskRemoveFromEventList)
    xTaskResumeAll                           0x08005a61   Thumb Code   182  tasks.o(i.xTaskResumeAll)
    xTimerCreateTimerTask                    0x08005b25   Thumb Code    78  timers.o(i.xTimerCreateTimerTask)
    xTimerGenericCommand                     0x08005b85   Thumb Code    98  timers.o(i.xTimerGenericCommand)
    defaultTask_attributes                   0x08005bec   Data          36  freertos.o(.constdata)
    TaskLoRa_attributes                      0x08005c10   Data          36  freertos.o(.constdata)
    TaskLCD_attributes                       0x08005c34   Data          36  freertos.o(.constdata)
    AHBPrescTable                            0x08005c58   Data          16  system_stm32f4xx.o(.constdata)
    APBPrescTable                            0x08005c68   Data           8  system_stm32f4xx.o(.constdata)
    ASCII16x32_Table                         0x08005c70   Data        6080  fonts.o(.constdata)
    Region$$Table$$Base                      0x08007450   Number         0  anon$$obj.o(Region$$Table)
    Region$$Table$$Limit                     0x08007470   Number         0  anon$$obj.o(Region$$Table)
    LoRaDataQueueHandle                      0x20000004   Data           4  freertos.o(.data)
    defaultTaskHandle                        0x20000008   Data           4  freertos.o(.data)
    TaskLoRaHandle                           0x2000000c   Data           4  freertos.o(.data)
    TaskLCDHandle                            0x20000010   Data           4  freertos.o(.data)
    SystemCoreClock                          0x2000001c   Data           4  system_stm32f4xx.o(.data)
    is_data_ready                            0x20000020   Data           1  lora_rx.o(.data)
    buffer_index                             0x20000022   Data           2  lora_rx.o(.data)
    rx_byte_u3                               0x20000024   Data           1  lora_rx.o(.data)
    uwTickFreq                               0x20000028   Data           1  stm32f4xx_hal.o(.data)
    uwTickPrio                               0x2000002c   Data           4  stm32f4xx_hal.o(.data)
    uwTick                                   0x20000030   Data           4  stm32f4xx_hal.o(.data)
    LCD_SCAN_MODE                            0x20000034   Data           1  bsp_nt35510_lcd.o(.data)
    LCD_X_LENGTH                             0x20000036   Data           2  bsp_nt35510_lcd.o(.data)
    LCD_Y_LENGTH                             0x20000038   Data           2  bsp_nt35510_lcd.o(.data)
    Font16x32                                0x20000044   Data           8  fonts.o(.data)
    pxCurrentTCB                             0x2000004c   Data           4  tasks.o(.data)
    __stdout                                 0x200000cc   Data           4  stdout.o(.data)
    hsram3                                   0x200000d0   Data          80  fsmc.o(.bss)
    huart1                                   0x20000120   Data          72  usart.o(.bss)
    huart3                                   0x20000168   Data          72  usart.o(.bss)
    htim1                                    0x200001b0   Data          72  stm32f4xx_hal_timebase_tim.o(.bss)
    raw_buffer                               0x200001f8   Data         128  lora_rx.o(.bss)
    received_data                            0x20000278   Data          44  lora_rx.o(.bss)
    zoomBuff                                 0x200002a4   Data       16384  bsp_nt35510_lcd.o(.bss)
    zoomTempBuff                             0x200042a4   Data        1024  bsp_nt35510_lcd.o(.bss)
    SRAM_Handler                             0x20004724   Data          80  bsp_nt35510_lcd.o(.bss)
    Timing                                   0x20004774   Data          28  bsp_nt35510_lcd.o(.bss)
    xQueueRegistry                           0x20004790   Data          64  queue.o(.bss)
    __initial_sp                             0x2000d868   Data           0  startup_stm32f407xx.o(STACK)



==============================================================================

Memory Map of the image

  Image Entry point : 0x08000189

  Load Region LR_IROM1 (Base: 0x08000000, Size: 0x00007540, Max: 0x00100000, ABSOLUTE)

    Execution Region ER_IROM1 (Exec base: 0x08000000, Load base: 0x08000000, Size: 0x00007470, Max: 0x00100000, ABSOLUTE)

    Exec Addr    Load Addr    Size         Type   Attr      Idx    E Section Name        Object

    0x08000000   0x08000000   0x00000188   Data   RO            3    RESET               startup_stm32f407xx.o
    0x08000188   0x08000188   0x00000000   Code   RO         5454  * .ARM.Collect$$$$00000000  mc_w.l(entry.o)
    0x08000188   0x08000188   0x00000004   Code   RO         5730    .ARM.Collect$$$$00000001  mc_w.l(entry2.o)
    0x0800018c   0x0800018c   0x00000004   Code   RO         5733    .ARM.Collect$$$$00000004  mc_w.l(entry5.o)
    0x08000190   0x08000190   0x00000000   Code   RO         5735    .ARM.Collect$$$$00000008  mc_w.l(entry7b.o)
    0x08000190   0x08000190   0x00000000   Code   RO         5737    .ARM.Collect$$$$0000000A  mc_w.l(entry8b.o)
    0x08000190   0x08000190   0x00000008   Code   RO         5738    .ARM.Collect$$$$0000000B  mc_w.l(entry9a.o)
    0x08000198   0x08000198   0x00000004   Code   RO         5745    .ARM.Collect$$$$0000000E  mc_w.l(entry12b.o)
    0x0800019c   0x0800019c   0x00000000   Code   RO         5740    .ARM.Collect$$$$0000000F  mc_w.l(entry10a.o)
    0x0800019c   0x0800019c   0x00000000   Code   RO         5742    .ARM.Collect$$$$00000011  mc_w.l(entry11a.o)
    0x0800019c   0x0800019c   0x00000004   Code   RO         5731    .ARM.Collect$$$$00002712  mc_w.l(entry2.o)
    0x080001a0   0x080001a0   0x000000be   Code   RO         5377    .emb_text           port.o
    0x0800025e   0x0800025e   0x00000002   PAD
    0x08000260   0x08000260   0x00000024   Code   RO            4    .text               startup_stm32f407xx.o
    0x08000284   0x08000284   0x00000062   Code   RO         5457    .text               mc_w.l(uldiv.o)
    0x080002e6   0x080002e6   0x00000024   Code   RO         5459    .text               mc_w.l(memcpya.o)
    0x0800030a   0x0800030a   0x00000024   Code   RO         5463    .text               mc_w.l(memseta.o)
    0x0800032e   0x0800032e   0x00000026   Code   RO         5728    .text               mf_w.l(f2d.o)
    0x08000354   0x08000354   0x0000002c   Code   RO         5747    .text               mc_w.l(uidiv.o)
    0x08000380   0x08000380   0x0000001e   Code   RO         5749    .text               mc_w.l(llshl.o)
    0x0800039e   0x0800039e   0x00000020   Code   RO         5751    .text               mc_w.l(llushr.o)
    0x080003be   0x080003be   0x00000000   Code   RO         5753    .text               mc_w.l(iusefp.o)
    0x080003be   0x080003be   0x0000014e   Code   RO         5754    .text               mf_w.l(dadd.o)
    0x0800050c   0x0800050c   0x000000e4   Code   RO         5756    .text               mf_w.l(dmul.o)
    0x080005f0   0x080005f0   0x000000de   Code   RO         5758    .text               mf_w.l(ddiv.o)
    0x080006ce   0x080006ce   0x00000030   Code   RO         5760    .text               mf_w.l(dfixul.o)
    0x080006fe   0x080006fe   0x00000002   PAD
    0x08000700   0x08000700   0x00000030   Code   RO         5762    .text               mf_w.l(cdrcmple.o)
    0x08000730   0x08000730   0x00000024   Code   RO         5764    .text               mc_w.l(init.o)
    0x08000754   0x08000754   0x00000024   Code   RO         5766    .text               mc_w.l(llsshr.o)
    0x08000778   0x08000778   0x000000ba   Code   RO         5768    .text               mf_w.l(depilogue.o)
    0x08000832   0x08000832   0x00000002   Code   RO          405    i.BusFault_Handler  stm32f4xx_it.o
    0x08000834   0x08000834   0x00000002   Code   RO          406    i.DebugMon_Handler  stm32f4xx_it.o
    0x08000836   0x08000836   0x00000004   Code   RO           13    i.Error_Handler     main.o
    0x0800083a   0x0800083a   0x00000002   PAD
    0x0800083c   0x0800083c   0x0000003c   Code   RO         2748    i.FSMC_NORSRAM_Extended_Timing_Init  stm32f4xx_ll_fsmc.o
    0x08000878   0x08000878   0x00000068   Code   RO         2749    i.FSMC_NORSRAM_Init  stm32f4xx_ll_fsmc.o
    0x080008e0   0x080008e0   0x0000003c   Code   RO         2750    i.FSMC_NORSRAM_Timing_Init  stm32f4xx_ll_fsmc.o
    0x0800091c   0x0800091c   0x00000092   Code   RO         2052    i.HAL_DMA_Abort     stm32f4xx_hal_dma.o
    0x080009ae   0x080009ae   0x00000024   Code   RO         2053    i.HAL_DMA_Abort_IT  stm32f4xx_hal_dma.o
    0x080009d2   0x080009d2   0x00000002   PAD
    0x080009d4   0x080009d4   0x000000a0   Code   RO          309    i.HAL_FSMC_MspInit  fsmc.o
    0x08000a74   0x08000a74   0x000001f0   Code   RO         1945    i.HAL_GPIO_Init     stm32f4xx_hal_gpio.o
    0x08000c64   0x08000c64   0x0000000a   Code   RO         1949    i.HAL_GPIO_WritePin  stm32f4xx_hal_gpio.o
    0x08000c6e   0x08000c6e   0x00000002   PAD
    0x08000c70   0x08000c70   0x0000000c   Code   RO         2495    i.HAL_GetTick       stm32f4xx_hal.o
    0x08000c7c   0x08000c7c   0x00000010   Code   RO         2501    i.HAL_IncTick       stm32f4xx_hal.o
    0x08000c8c   0x08000c8c   0x00000034   Code   RO         2502    i.HAL_Init          stm32f4xx_hal.o
    0x08000cc0   0x08000cc0   0x0000008c   Code   RO          499    i.HAL_InitTick      stm32f4xx_hal_timebase_tim.o
    0x08000d4c   0x08000d4c   0x00000038   Code   RO          475    i.HAL_MspInit       stm32f4xx_hal_msp.o
    0x08000d84   0x08000d84   0x0000001a   Code   RO         2337    i.HAL_NVIC_EnableIRQ  stm32f4xx_hal_cortex.o
    0x08000d9e   0x08000d9e   0x00000002   PAD
    0x08000da0   0x08000da0   0x00000040   Code   RO         2343    i.HAL_NVIC_SetPriority  stm32f4xx_hal_cortex.o
    0x08000de0   0x08000de0   0x00000024   Code   RO         2344    i.HAL_NVIC_SetPriorityGrouping  stm32f4xx_hal_cortex.o
    0x08000e04   0x08000e04   0x00000134   Code   RO         1591    i.HAL_RCC_ClockConfig  stm32f4xx_hal_rcc.o
    0x08000f38   0x08000f38   0x00000040   Code   RO         1595    i.HAL_RCC_GetClockConfig  stm32f4xx_hal_rcc.o
    0x08000f78   0x08000f78   0x00000020   Code   RO         1598    i.HAL_RCC_GetPCLK1Freq  stm32f4xx_hal_rcc.o
    0x08000f98   0x08000f98   0x00000020   Code   RO         1599    i.HAL_RCC_GetPCLK2Freq  stm32f4xx_hal_rcc.o
    0x08000fb8   0x08000fb8   0x00000064   Code   RO         1600    i.HAL_RCC_GetSysClockFreq  stm32f4xx_hal_rcc.o
    0x0800101c   0x0800101c   0x0000036c   Code   RO         1603    i.HAL_RCC_OscConfig  stm32f4xx_hal_rcc.o
    0x08001388   0x08001388   0x0000005c   Code   RO         2888    i.HAL_SRAM_Init     stm32f4xx_hal_sram.o
    0x080013e4   0x080013e4   0x00000004   Code   RO          311    i.HAL_SRAM_MspInit  fsmc.o
    0x080013e8   0x080013e8   0x00000002   Code   RO         1323    i.HAL_TIMEx_BreakCallback  stm32f4xx_hal_tim_ex.o
    0x080013ea   0x080013ea   0x00000002   Code   RO         1324    i.HAL_TIMEx_CommutCallback  stm32f4xx_hal_tim_ex.o
    0x080013ec   0x080013ec   0x0000005a   Code   RO          619    i.HAL_TIM_Base_Init  stm32f4xx_hal_tim.o
    0x08001446   0x08001446   0x00000002   Code   RO          621    i.HAL_TIM_Base_MspInit  stm32f4xx_hal_tim.o
    0x08001448   0x08001448   0x00000080   Code   RO          624    i.HAL_TIM_Base_Start_IT  stm32f4xx_hal_tim.o
    0x080014c8   0x080014c8   0x00000002   Code   RO          653    i.HAL_TIM_IC_CaptureCallback  stm32f4xx_hal_tim.o
    0x080014ca   0x080014ca   0x00000130   Code   RO          667    i.HAL_TIM_IRQHandler  stm32f4xx_hal_tim.o
    0x080015fa   0x080015fa   0x00000002   Code   RO          670    i.HAL_TIM_OC_DelayElapsedCallback  stm32f4xx_hal_tim.o
    0x080015fc   0x080015fc   0x00000002   Code   RO          697    i.HAL_TIM_PWM_PulseFinishedCallback  stm32f4xx_hal_tim.o
    0x080015fe   0x080015fe   0x00000002   PAD
    0x08001600   0x08001600   0x00000014   Code   RO           14    i.HAL_TIM_PeriodElapsedCallback  main.o
    0x08001614   0x08001614   0x00000002   Code   RO          710    i.HAL_TIM_TriggerCallback  stm32f4xx_hal_tim.o
    0x08001616   0x08001616   0x00000002   Code   RO         3067    i.HAL_UARTEx_RxEventCallback  stm32f4xx_hal_uart.o
    0x08001618   0x08001618   0x00000002   Code   RO         3081    i.HAL_UART_ErrorCallback  stm32f4xx_hal_uart.o
    0x0800161a   0x0800161a   0x00000002   PAD
    0x0800161c   0x0800161c   0x00000280   Code   RO         3084    i.HAL_UART_IRQHandler  stm32f4xx_hal_uart.o
    0x0800189c   0x0800189c   0x00000064   Code   RO         3085    i.HAL_UART_Init     stm32f4xx_hal_uart.o
    0x08001900   0x08001900   0x000000c4   Code   RO          358    i.HAL_UART_MspInit  usart.o
    0x080019c4   0x080019c4   0x0000001c   Code   RO         3090    i.HAL_UART_Receive_IT  stm32f4xx_hal_uart.o
    0x080019e0   0x080019e0   0x00000030   Code   RO           15    i.HAL_UART_RxCpltCallback  main.o
    0x08001a10   0x08001a10   0x000000a0   Code   RO         3093    i.HAL_UART_Transmit  stm32f4xx_hal_uart.o
    0x08001ab0   0x08001ab0   0x00000002   Code   RO         3096    i.HAL_UART_TxCpltCallback  stm32f4xx_hal_uart.o
    0x08001ab2   0x08001ab2   0x00000002   Code   RO          407    i.HardFault_Handler  stm32f4xx_it.o
    0x08001ab4   0x08001ab4   0x0000000c   Code   RO         3419    i.LCD_GetFont       bsp_nt35510_lcd.o
    0x08001ac0   0x08001ac0   0x0000000c   Code   RO         3421    i.LCD_SetColors     bsp_nt35510_lcd.o
    0x08001acc   0x08001acc   0x0000000c   Code   RO         3422    i.LCD_SetFont       bsp_nt35510_lcd.o
    0x08001ad8   0x08001ad8   0x00000048   Code   RO          576    i.LoRa_Rx_Handler   lora_rx.o
    0x08001b20   0x08001b20   0x00000050   Code   RO          254    i.MX_FREERTOS_Init  freertos.o
    0x08001b70   0x08001b70   0x0000006c   Code   RO          312    i.MX_FSMC_Init      fsmc.o
    0x08001bdc   0x08001bdc   0x000000d8   Code   RO          230    i.MX_GPIO_Init      gpio.o
    0x08001cb4   0x08001cb4   0x00000038   Code   RO          359    i.MX_USART1_UART_Init  usart.o
    0x08001cec   0x08001cec   0x00000038   Code   RO          360    i.MX_USART3_UART_Init  usart.o
    0x08001d24   0x08001d24   0x00000002   Code   RO          408    i.MemManage_Handler  stm32f4xx_it.o
    0x08001d26   0x08001d26   0x00000002   Code   RO          409    i.NMI_Handler       stm32f4xx_it.o
    0x08001d28   0x08001d28   0x00000018   Code   RO         3424    i.NT35510_BackLed_Control  bsp_nt35510_lcd.o
    0x08001d40   0x08001d40   0x00000020   Code   RO         3425    i.NT35510_Clear     bsp_nt35510_lcd.o
    0x08001d60   0x08001d60   0x00000010   Code   RO         3427    i.NT35510_Delay     bsp_nt35510_lcd.o
    0x08001d70   0x08001d70   0x0000006c   Code   RO         3429    i.NT35510_DispChar_EN  bsp_nt35510_lcd.o
    0x08001ddc   0x08001ddc   0x0000004c   Code   RO         3430    i.NT35510_DispStringLine_EN  bsp_nt35510_lcd.o
    0x08001e28   0x08001e28   0x00000074   Code   RO         3443    i.NT35510_FSMC_Config  bsp_nt35510_lcd.o
    0x08001e9c   0x08001e9c   0x0000001a   Code   RO         3444    i.NT35510_FillColor  bsp_nt35510_lcd.o
    0x08001eb6   0x08001eb6   0x00000002   PAD
    0x08001eb8   0x08001eb8   0x000000cc   Code   RO         3445    i.NT35510_GPIO_Config  bsp_nt35510_lcd.o
    0x08001f84   0x08001f84   0x00000098   Code   RO         3447    i.NT35510_GramScan  bsp_nt35510_lcd.o
    0x0800201c   0x0800201c   0x00000034   Code   RO         3448    i.NT35510_Init      bsp_nt35510_lcd.o
    0x08002050   0x08002050   0x0000005e   Code   RO         3449    i.NT35510_OpenWindow  bsp_nt35510_lcd.o
    0x080020ae   0x080020ae   0x00000f76   Code   RO         3450    i.NT35510_REG_Config  bsp_nt35510_lcd.o
    0x08003024   0x08003024   0x00000034   Code   RO         3452    i.NT35510_Rst       bsp_nt35510_lcd.o
    0x08003058   0x08003058   0x00000008   Code   RO          255    i.StartDefaultTask  freertos.o
    0x08003060   0x08003060   0x0000003c   Code   RO          256    i.StartTask02       freertos.o
    0x0800309c   0x0800309c   0x000002b0   Code   RO          257    i.StartTask03       freertos.o
    0x0800334c   0x0800334c   0x0000001a   Code   RO         4809    i.SysTick_Handler   cmsis_os2.o
    0x08003366   0x08003366   0x00000002   PAD
    0x08003368   0x08003368   0x00000098   Code   RO           16    i.SystemClock_Config  main.o
    0x08003400   0x08003400   0x00000010   Code   RO          539    i.SystemInit        system_stm32f4xx.o
    0x08003410   0x08003410   0x0000000c   Code   RO          410    i.TIM1_UP_TIM10_IRQHandler  stm32f4xx_it.o
    0x0800341c   0x0800341c   0x000000d0   Code   RO          712    i.TIM_Base_SetConfig  stm32f4xx_hal_tim.o
    0x080034ec   0x080034ec   0x0000000e   Code   RO         3098    i.UART_DMAAbortOnError  stm32f4xx_hal_uart.o
    0x080034fa   0x080034fa   0x0000004e   Code   RO         3108    i.UART_EndRxTransfer  stm32f4xx_hal_uart.o
    0x08003548   0x08003548   0x000000c2   Code   RO         3110    i.UART_Receive_IT   stm32f4xx_hal_uart.o
    0x0800360a   0x0800360a   0x00000002   PAD
    0x0800360c   0x0800360c   0x0000010c   Code   RO         3111    i.UART_SetConfig    stm32f4xx_hal_uart.o
    0x08003718   0x08003718   0x00000036   Code   RO         3113    i.UART_Start_Receive_IT  stm32f4xx_hal_uart.o
    0x0800374e   0x0800374e   0x00000072   Code   RO         3114    i.UART_WaitOnFlagUntilTimeout  stm32f4xx_hal_uart.o
    0x080037c0   0x080037c0   0x0000000c   Code   RO          411    i.USART3_IRQHandler  stm32f4xx_it.o
    0x080037cc   0x080037cc   0x00000002   Code   RO          412    i.UsageFault_Handler  stm32f4xx_it.o
    0x080037ce   0x080037ce   0x00000002   PAD
    0x080037d0   0x080037d0   0x00000020   Code   RO         5700    i.__0printf         mc_w.l(printfa.o)
    0x080037f0   0x080037f0   0x00000028   Code   RO         5702    i.__0sprintf        mc_w.l(printfa.o)
    0x08003818   0x08003818   0x00000020   Code   RO         2350    i.__NVIC_SetPriority  stm32f4xx_hal_cortex.o
    0x08003838   0x08003838   0x0000000e   Code   RO         5772    i.__scatterload_copy  mc_w.l(handlers.o)
    0x08003846   0x08003846   0x00000002   Code   RO         5773    i.__scatterload_null  mc_w.l(handlers.o)
    0x08003848   0x08003848   0x0000000e   Code   RO         5774    i.__scatterload_zeroinit  mc_w.l(handlers.o)
    0x08003856   0x08003856   0x00000002   PAD
    0x08003858   0x08003858   0x00000184   Code   RO         5707    i._fp_digits        mc_w.l(printfa.o)
    0x080039dc   0x080039dc   0x000006b4   Code   RO         5708    i._printf_core      mc_w.l(printfa.o)
    0x08004090   0x08004090   0x00000024   Code   RO         5709    i._printf_post_padding  mc_w.l(printfa.o)
    0x080040b4   0x080040b4   0x0000002e   Code   RO         5710    i._printf_pre_padding  mc_w.l(printfa.o)
    0x080040e2   0x080040e2   0x0000000a   Code   RO         5712    i._sputc            mc_w.l(printfa.o)
    0x080040ec   0x080040ec   0x00000018   Code   RO           17    i.fputc             main.o
    0x08004104   0x08004104   0x0000011c   Code   RO           18    i.main              main.o
    0x08004220   0x08004220   0x0000001a   Code   RO         4811    i.osDelay           cmsis_os2.o
    0x0800423a   0x0800423a   0x00000002   PAD
    0x0800423c   0x0800423c   0x00000024   Code   RO         4825    i.osKernelInitialize  cmsis_os2.o
    0x08004260   0x08004260   0x00000038   Code   RO         4828    i.osKernelStart     cmsis_os2.o
    0x08004298   0x08004298   0x00000064   Code   RO         4840    i.osMessageQueueGet  cmsis_os2.o
    0x080042fc   0x080042fc   0x00000058   Code   RO         4845    i.osMessageQueueNew  cmsis_os2.o
    0x08004354   0x08004354   0x00000068   Code   RO         4846    i.osMessageQueuePut  cmsis_os2.o
    0x080043bc   0x080043bc   0x0000008a   Code   RO         4870    i.osThreadNew       cmsis_os2.o
    0x08004446   0x08004446   0x00000002   PAD
    0x08004448   0x08004448   0x0000005c   Code   RO         4270    i.prvAddCurrentTaskToDelayedList  tasks.o
    0x080044a4   0x080044a4   0x000000d0   Code   RO         4271    i.prvAddNewTaskToReadyList  tasks.o
    0x08004574   0x08004574   0x00000058   Code   RO         4635    i.prvCheckForValidListAndQueue  timers.o
    0x080045cc   0x080045cc   0x00000026   Code   RO         3867    i.prvCopyDataFromQueue  queue.o
    0x080045f2   0x080045f2   0x0000006c   Code   RO         3868    i.prvCopyDataToQueue  queue.o
    0x0800465e   0x0800465e   0x00000034   Code   RO         4272    i.prvDeleteTCB      tasks.o
    0x08004692   0x08004692   0x00000002   PAD
    0x08004694   0x08004694   0x0000004c   Code   RO         5322    i.prvHeapInit       heap_4.o
    0x080046e0   0x080046e0   0x00000060   Code   RO         4273    i.prvIdleTask       tasks.o
    0x08004740   0x08004740   0x00000022   Code   RO         3870    i.prvInitialiseNewQueue  queue.o
    0x08004762   0x08004762   0x00000002   PAD
    0x08004764   0x08004764   0x000000b0   Code   RO         4274    i.prvInitialiseNewTask  tasks.o
    0x08004814   0x08004814   0x0000004c   Code   RO         5323    i.prvInsertBlockIntoFreeList  heap_4.o
    0x08004860   0x08004860   0x00000038   Code   RO         4637    i.prvInsertTimerInActiveList  timers.o
    0x08004898   0x08004898   0x0000001c   Code   RO         3871    i.prvIsQueueEmpty   queue.o
    0x080048b4   0x080048b4   0x000000fc   Code   RO         4638    i.prvProcessReceivedCommands  timers.o
    0x080049b0   0x080049b0   0x000000c0   Code   RO         4639    i.prvProcessTimerOrBlockTask  timers.o
    0x08004a70   0x08004a70   0x00000020   Code   RO         4276    i.prvResetNextTaskUnblockTime  tasks.o
    0x08004a90   0x08004a90   0x00000028   Code   RO         4640    i.prvSampleTimeNow  timers.o
    0x08004ab8   0x08004ab8   0x0000006c   Code   RO         4641    i.prvSwitchTimerLists  timers.o
    0x08004b24   0x08004b24   0x00000028   Code   RO         5378    i.prvTaskExitError  port.o
    0x08004b4c   0x08004b4c   0x00000024   Code   RO         4642    i.prvTimerTask      timers.o
    0x08004b70   0x08004b70   0x0000006a   Code   RO         3872    i.prvUnlockQueue    queue.o
    0x08004bda   0x08004bda   0x00000002   PAD
    0x08004bdc   0x08004bdc   0x000000dc   Code   RO         5324    i.pvPortMalloc      heap_4.o
    0x08004cb8   0x08004cb8   0x0000002c   Code   RO         5379    i.pxPortInitialiseStack  port.o
    0x08004ce4   0x08004ce4   0x00000026   Code   RO         3827    i.uxListRemove      list.o
    0x08004d0a   0x08004d0a   0x00000002   PAD
    0x08004d0c   0x08004d0c   0x00000014   Code   RO         4882    i.vApplicationGetIdleTaskMemory  cmsis_os2.o
    0x08004d20   0x08004d20   0x00000018   Code   RO         4883    i.vApplicationGetTimerTaskMemory  cmsis_os2.o
    0x08004d38   0x08004d38   0x00000016   Code   RO         3828    i.vListInitialise   list.o
    0x08004d4e   0x08004d4e   0x00000006   Code   RO         3829    i.vListInitialiseItem  list.o
    0x08004d54   0x08004d54   0x00000030   Code   RO         3830    i.vListInsert       list.o
    0x08004d84   0x08004d84   0x00000018   Code   RO         3831    i.vListInsertEnd    list.o
    0x08004d9c   0x08004d9c   0x00000040   Code   RO         5381    i.vPortEnterCritical  port.o
    0x08004ddc   0x08004ddc   0x00000028   Code   RO         5382    i.vPortExitCritical  port.o
    0x08004e04   0x08004e04   0x00000064   Code   RO         5325    i.vPortFree         heap_4.o
    0x08004e68   0x08004e68   0x00000024   Code   RO         5383    i.vPortSetupTimerInterrupt  port.o
    0x08004e8c   0x08004e8c   0x00000054   Code   RO         5384    i.vPortValidateInterruptPriority  port.o
    0x08004ee0   0x08004ee0   0x00000028   Code   RO         3878    i.vQueueAddToRegistry  queue.o
    0x08004f08   0x08004f08   0x00000044   Code   RO         3882    i.vQueueWaitForMessageRestricted  queue.o
    0x08004f4c   0x08004f4c   0x0000004c   Code   RO         4289    i.vTaskDelay        tasks.o
    0x08004f98   0x08004f98   0x00000010   Code   RO         4294    i.vTaskInternalSetTimeOutState  tasks.o
    0x08004fa8   0x08004fa8   0x0000000c   Code   RO         4295    i.vTaskMissedYield  tasks.o
    0x08004fb4   0x08004fb4   0x00000030   Code   RO         4297    i.vTaskPlaceOnEventList  tasks.o
    0x08004fe4   0x08004fe4   0x00000038   Code   RO         4298    i.vTaskPlaceOnEventListRestricted  tasks.o
    0x0800501c   0x0800501c   0x00000088   Code   RO         4306    i.vTaskStartScheduler  tasks.o
    0x080050a4   0x080050a4   0x00000010   Code   RO         4308    i.vTaskSuspendAll   tasks.o
    0x080050b4   0x080050b4   0x00000064   Code   RO         4309    i.vTaskSwitchContext  tasks.o
    0x08005118   0x08005118   0x000000f4   Code   RO         5385    i.xPortStartScheduler  port.o
    0x0800520c   0x0800520c   0x0000002c   Code   RO         5386    i.xPortSysTickHandler  port.o
    0x08005238   0x08005238   0x00000042   Code   RO         3887    i.xQueueGenericCreate  queue.o
    0x0800527a   0x0800527a   0x00000066   Code   RO         3888    i.xQueueGenericCreateStatic  queue.o
    0x080052e0   0x080052e0   0x00000088   Code   RO         3889    i.xQueueGenericReset  queue.o
    0x08005368   0x08005368   0x00000160   Code   RO         3890    i.xQueueGenericSend  queue.o
    0x080054c8   0x080054c8   0x000000be   Code   RO         3891    i.xQueueGenericSendFromISR  queue.o
    0x08005586   0x08005586   0x00000002   PAD
    0x08005588   0x08005588   0x00000138   Code   RO         3900    i.xQueueReceive     queue.o
    0x080056c0   0x080056c0   0x0000009a   Code   RO         3901    i.xQueueReceiveFromISR  queue.o
    0x0800575a   0x0800575a   0x00000002   PAD
    0x0800575c   0x0800575c   0x00000074   Code   RO         4311    i.xTaskCheckForTimeOut  tasks.o
    0x080057d0   0x080057d0   0x0000005a   Code   RO         4312    i.xTaskCreate       tasks.o
    0x0800582a   0x0800582a   0x00000056   Code   RO         4313    i.xTaskCreateStatic  tasks.o
    0x08005880   0x08005880   0x0000001c   Code   RO         4317    i.xTaskGetSchedulerState  tasks.o
    0x0800589c   0x0800589c   0x0000000c   Code   RO         4318    i.xTaskGetTickCount  tasks.o
    0x080058a8   0x080058a8   0x000000c8   Code   RO         4320    i.xTaskIncrementTick  tasks.o
    0x08005970   0x08005970   0x00000080   Code   RO         4323    i.xTaskPriorityDisinherit  tasks.o
    0x080059f0   0x080059f0   0x00000070   Code   RO         4325    i.xTaskRemoveFromEventList  tasks.o
    0x08005a60   0x08005a60   0x000000c4   Code   RO         4326    i.xTaskResumeAll    tasks.o
    0x08005b24   0x08005b24   0x00000060   Code   RO         4651    i.xTimerCreateTimerTask  timers.o
    0x08005b84   0x08005b84   0x00000068   Code   RO         4652    i.xTimerGenericCommand  timers.o
    0x08005bec   0x08005bec   0x0000006c   Data   RO          258    .constdata          freertos.o
    0x08005c58   0x08005c58   0x00000010   Data   RO          540    .constdata          system_stm32f4xx.o
    0x08005c68   0x08005c68   0x00000008   Data   RO          541    .constdata          system_stm32f4xx.o
    0x08005c70   0x08005c70   0x000017c0   Data   RO         3671    .constdata          fonts.o
    0x08007430   0x08007430   0x00000020   Data   RO          259    .conststring        freertos.o
    0x08007450   0x08007450   0x00000020   Data   RO         5770    Region$$Table       anon$$obj.o


    Execution Region RW_IRAM1 (Exec base: 0x20000000, Load base: 0x08007470, Size: 0x0000d868, Max: 0x0001c000, ABSOLUTE)

    Exec Addr    Load Addr    Size         Type   Attr      Idx    E Section Name        Object

    0x20000000   0x08007470   0x00000014   Data   RW          260    .data               freertos.o
    0x20000014   0x08007484   0x00000008   Data   RW          314    .data               fsmc.o
    0x2000001c   0x0800748c   0x00000004   Data   RW          542    .data               system_stm32f4xx.o
    0x20000020   0x08007490   0x00000004   Data   RW          579    .data               lora_rx.o
    0x20000024   0x08007494   0x00000001   Data   RW          580    .data               lora_rx.o
    0x20000025   0x08007495   0x00000003   PAD
    0x20000028   0x08007498   0x0000000c   Data   RW         2509    .data               stm32f4xx_hal.o
    0x20000034   0x080074a4   0x00000010   Data   RW         3459    .data               bsp_nt35510_lcd.o
    0x20000044   0x080074b4   0x00000008   Data   RW         3674    .data               fonts.o
    0x2000004c   0x080074bc   0x0000003c   Data   RW         4329    .data               tasks.o
    0x20000088   0x080074f8   0x00000014   Data   RW         4660    .data               timers.o
    0x2000009c   0x0800750c   0x00000004   Data   RW         4885    .data               cmsis_os2.o
    0x200000a0   0x08007510   0x00000020   Data   RW         5331    .data               heap_4.o
    0x200000c0   0x08007530   0x0000000c   Data   RW         5387    .data               port.o
    0x200000cc   0x0800753c   0x00000004   Data   RW         5746    .data               mc_w.l(stdout.o)
    0x200000d0        -       0x00000050   Zero   RW          313    .bss                fsmc.o
    0x20000120        -       0x00000090   Zero   RW          361    .bss                usart.o
    0x200001b0        -       0x00000048   Zero   RW          502    .bss                stm32f4xx_hal_timebase_tim.o
    0x200001f8        -       0x000000ac   Zero   RW          578    .bss                lora_rx.o
    0x200002a4        -       0x000044ec   Zero   RW         3458    .bss                bsp_nt35510_lcd.o
    0x20004790        -       0x00000040   Zero   RW         3904    .bss                queue.o
    0x200047d0        -       0x000004c4   Zero   RW         4328    .bss                tasks.o
    0x20004c94        -       0x00000118   Zero   RW         4659    .bss                timers.o
    0x20004dac        -       0x000006b8   Zero   RW         4884    .bss                cmsis_os2.o
    0x20005464        -       0x00008000   Zero   RW         5330    .bss                heap_4.o
    0x2000d464   0x08007540   0x00000004   PAD
    0x2000d468        -       0x00000400   Zero   RW            1    STACK               startup_stm32f407xx.o


    Execution Region RW_IRAM2 (Exec base: 0x2001c000, Load base: 0x08007540, Size: 0x00000000, Max: 0x00004000, ABSOLUTE)

    **** No section assigned to this execution region ****


==============================================================================

Image component sizes


      Code (inc. data)   RO Data    RW Data    ZI Data      Debug   Object Name

      4946         82          0         16      17644      40692   bsp_nt35510_lcd.o
       618         30          0          4       1720      70739   cmsis_os2.o
         0          0          0          0          0      20000   event_groups.o
         0          0       6080          8          0       1329   fonts.o
       836        250        140         20          0       3505   freertos.o
       272         32          0          8         80       2179   fsmc.o
       216         14          0          0          0       1059   gpio.o
       472         24          0         32      32768       5531   heap_4.o
       138          0          0          0          0       4134   list.o
        72          8          0          5        172       2671   lora_rx.o
       532        176          0          0          0     724498   main.o
       786         82          0         12          0      12565   port.o
      1734         20          0          0         64      21797   queue.o
        36          8        392          0       1024        828   startup_stm32f407xx.o
        80         14          0         12          0       8590   stm32f4xx_hal.o
       158         14          0          0          0      33670   stm32f4xx_hal_cortex.o
       182          0          0          0          0       2419   stm32f4xx_hal_dma.o
       506         46          0          0          0       2512   stm32f4xx_hal_gpio.o
        56          4          0          0          0        850   stm32f4xx_hal_msp.o
      1412         86          0          0          0       6581   stm32f4xx_hal_rcc.o
        92          0          0          0          0       1464   stm32f4xx_hal_sram.o
       740         72          0          0          0       8408   stm32f4xx_hal_tim.o
         4          0          0          0          0       1945   stm32f4xx_hal_tim_ex.o
       140         20          0          0         72       1467   stm32f4xx_hal_timebase_tim.o
      1656         14          0          0          0      12700   stm32f4xx_hal_uart.o
        36         12          0          0          0       3660   stm32f4xx_it.o
       224         14          0          0          0       4387   stm32f4xx_ll_fsmc.o
         0          0          0          0          0        432   stream_buffer.o
        16          4         24          4          0       1167   system_stm32f4xx.o
      2084        168          0         60       1220      29980   tasks.o
       972         80          0         20        280      33927   timers.o
       308         38          0          0        144       2399   usart.o

    ----------------------------------------------------------------------
     19362       1312       6668        204      55192    1068085   Object Totals
         0          0         32          0          0          0   (incl. Generated)
        38          0          0          3          4          0   (incl. Padding)

    ----------------------------------------------------------------------

      Code (inc. data)   RO Data    RW Data    ZI Data      Debug   Library Member Name

         0          0          0          0          0          0   entry.o
         0          0          0          0          0          0   entry10a.o
         0          0          0          0          0          0   entry11a.o
         4          0          0          0          0          0   entry12b.o
         8          4          0          0          0          0   entry2.o
         4          0          0          0          0          0   entry5.o
         0          0          0          0          0          0   entry7b.o
         0          0          0          0          0          0   entry8b.o
         8          4          0          0          0          0   entry9a.o
        30          0          0          0          0          0   handlers.o
        36          8          0          0          0         68   init.o
         0          0          0          0          0          0   iusefp.o
        30          0          0          0          0         68   llshl.o
        36          0          0          0          0         68   llsshr.o
        32          0          0          0          0         68   llushr.o
        36          0          0          0          0         68   memcpya.o
        36          0          0          0          0        108   memseta.o
      2268         96          0          0          0        616   printfa.o
         0          0          0          4          0          0   stdout.o
        44          0          0          0          0         80   uidiv.o
        98          0          0          0          0         92   uldiv.o
        48          0          0          0          0         68   cdrcmple.o
       334          0          0          0          0        148   dadd.o
       222          0          0          0          0        100   ddiv.o
       186          0          0          0          0        176   depilogue.o
        48          0          0          0          0         68   dfixul.o
       228          0          0          0          0         96   dmul.o
        38          0          0          0          0         68   f2d.o

    ----------------------------------------------------------------------
      3778        112          0          4          0       1960   Library Totals
         4          0          0          0          0          0   (incl. Padding)

    ----------------------------------------------------------------------

      Code (inc. data)   RO Data    RW Data    ZI Data      Debug   Library Name

      2670        112          0          4          0       1236   mc_w.l
      1104          0          0          0          0        724   mf_w.l

    ----------------------------------------------------------------------
      3778        112          0          4          0       1960   Library Totals

    ----------------------------------------------------------------------

==============================================================================


      Code (inc. data)   RO Data    RW Data    ZI Data      Debug   

     23140       1424       6668        208      55192    1053561   Grand Totals
     23140       1424       6668        208      55192    1053561   ELF Image Totals
     23140       1424       6668        208          0          0   ROM Totals

==============================================================================

    Total RO  Size (Code + RO Data)                29808 (  29.11kB)
    Total RW  Size (RW Data + ZI Data)             55400 (  54.10kB)
    Total ROM Size (Code + RO Data + RW Data)      30016 (  29.31kB)

==============================================================================

